Archive member included to satisfy reference by file (symbol)

/Users/sol/Library/Application Support/Code/User/globalStorage/bmd.stm32-for-vscode/@xpack-dev-tools/arm-none-eabi-gcc/12.2.1-1.2.1/.content/bin/../lib/gcc/arm-none-eabi/12.2.1/../../../../arm-none-eabi/lib/thumb/v7e-m+fp/hard/libc_nano.a(libc_a-atexit.o)
                              /Users/sol/Library/Application Support/Code/User/globalStorage/bmd.stm32-for-vscode/@xpack-dev-tools/arm-none-eabi-gcc/12.2.1-1.2.1/.content/bin/../lib/gcc/arm-none-eabi/12.2.1/../../../../arm-none-eabi/lib/thumb/v7e-m+fp/hard/crt0.o (atexit)
/Users/sol/Library/Application Support/Code/User/globalStorage/bmd.stm32-for-vscode/@xpack-dev-tools/arm-none-eabi-gcc/12.2.1-1.2.1/.content/bin/../lib/gcc/arm-none-eabi/12.2.1/../../../../arm-none-eabi/lib/thumb/v7e-m+fp/hard/libc_nano.a(libc_a-exit.o)
                              /Users/sol/Library/Application Support/Code/User/globalStorage/bmd.stm32-for-vscode/@xpack-dev-tools/arm-none-eabi-gcc/12.2.1-1.2.1/.content/bin/../lib/gcc/arm-none-eabi/12.2.1/../../../../arm-none-eabi/lib/thumb/v7e-m+fp/hard/crt0.o (exit)
/Users/sol/Library/Application Support/Code/User/globalStorage/bmd.stm32-for-vscode/@xpack-dev-tools/arm-none-eabi-gcc/12.2.1-1.2.1/.content/bin/../lib/gcc/arm-none-eabi/12.2.1/../../../../arm-none-eabi/lib/thumb/v7e-m+fp/hard/libc_nano.a(libc_a-malloc.o)
                              build/F7Cam_Driver.o (malloc)
/Users/sol/Library/Application Support/Code/User/globalStorage/bmd.stm32-for-vscode/@xpack-dev-tools/arm-none-eabi-gcc/12.2.1-1.2.1/.content/bin/../lib/gcc/arm-none-eabi/12.2.1/../../../../arm-none-eabi/lib/thumb/v7e-m+fp/hard/libc_nano.a(libc_a-mallocr.o)
                              /Users/sol/Library/Application Support/Code/User/globalStorage/bmd.stm32-for-vscode/@xpack-dev-tools/arm-none-eabi-gcc/12.2.1-1.2.1/.content/bin/../lib/gcc/arm-none-eabi/12.2.1/../../../../arm-none-eabi/lib/thumb/v7e-m+fp/hard/libc_nano.a(libc_a-malloc.o) (_malloc_r)
/Users/sol/Library/Application Support/Code/User/globalStorage/bmd.stm32-for-vscode/@xpack-dev-tools/arm-none-eabi-gcc/12.2.1-1.2.1/.content/bin/../lib/gcc/arm-none-eabi/12.2.1/../../../../arm-none-eabi/lib/thumb/v7e-m+fp/hard/libc_nano.a(libc_a-mlock.o)
                              /Users/sol/Library/Application Support/Code/User/globalStorage/bmd.stm32-for-vscode/@xpack-dev-tools/arm-none-eabi-gcc/12.2.1-1.2.1/.content/bin/../lib/gcc/arm-none-eabi/12.2.1/../../../../arm-none-eabi/lib/thumb/v7e-m+fp/hard/libc_nano.a(libc_a-mallocr.o) (__malloc_lock)
/Users/sol/Library/Application Support/Code/User/globalStorage/bmd.stm32-for-vscode/@xpack-dev-tools/arm-none-eabi-gcc/12.2.1-1.2.1/.content/bin/../lib/gcc/arm-none-eabi/12.2.1/../../../../arm-none-eabi/lib/thumb/v7e-m+fp/hard/libc_nano.a(libc_a-findfp.o)
                              /Users/sol/Library/Application Support/Code/User/globalStorage/bmd.stm32-for-vscode/@xpack-dev-tools/arm-none-eabi-gcc/12.2.1-1.2.1/.content/bin/../lib/gcc/arm-none-eabi/12.2.1/../../../../arm-none-eabi/lib/thumb/v7e-m+fp/hard/libc_nano.a(libc_a-exit.o) (__stdio_exit_handler)
/Users/sol/Library/Application Support/Code/User/globalStorage/bmd.stm32-for-vscode/@xpack-dev-tools/arm-none-eabi-gcc/12.2.1-1.2.1/.content/bin/../lib/gcc/arm-none-eabi/12.2.1/../../../../arm-none-eabi/lib/thumb/v7e-m+fp/hard/libc_nano.a(libc_a-fwalk.o)
                              /Users/sol/Library/Application Support/Code/User/globalStorage/bmd.stm32-for-vscode/@xpack-dev-tools/arm-none-eabi-gcc/12.2.1-1.2.1/.content/bin/../lib/gcc/arm-none-eabi/12.2.1/../../../../arm-none-eabi/lib/thumb/v7e-m+fp/hard/libc_nano.a(libc_a-findfp.o) (_fwalk_sglue)
/Users/sol/Library/Application Support/Code/User/globalStorage/bmd.stm32-for-vscode/@xpack-dev-tools/arm-none-eabi-gcc/12.2.1-1.2.1/.content/bin/../lib/gcc/arm-none-eabi/12.2.1/../../../../arm-none-eabi/lib/thumb/v7e-m+fp/hard/libc_nano.a(libc_a-printf.o)
                              build/F7Cam_Driver.o (printf)
/Users/sol/Library/Application Support/Code/User/globalStorage/bmd.stm32-for-vscode/@xpack-dev-tools/arm-none-eabi-gcc/12.2.1-1.2.1/.content/bin/../lib/gcc/arm-none-eabi/12.2.1/../../../../arm-none-eabi/lib/thumb/v7e-m+fp/hard/libc_nano.a(libc_a-puts.o)
                              build/F7Cam_Driver.o (puts)
/Users/sol/Library/Application Support/Code/User/globalStorage/bmd.stm32-for-vscode/@xpack-dev-tools/arm-none-eabi-gcc/12.2.1-1.2.1/.content/bin/../lib/gcc/arm-none-eabi/12.2.1/../../../../arm-none-eabi/lib/thumb/v7e-m+fp/hard/libc_nano.a(libc_a-memset.o)
                              /Users/sol/Library/Application Support/Code/User/globalStorage/bmd.stm32-for-vscode/@xpack-dev-tools/arm-none-eabi-gcc/12.2.1-1.2.1/.content/bin/../lib/gcc/arm-none-eabi/12.2.1/../../../../arm-none-eabi/lib/thumb/v7e-m+fp/hard/crt0.o (memset)
[...]
Memory Configuration

Name             Origin             Length             Attributes
RAM              0x0000000020000000 0x0000000000050000 xrw
FLASH            0x0000000008000000 0x0000000000100000 xr
*default*        0x0000000000000000 0xffffffffffffffff

Linker script and memory map

LOAD /Users/sol/Library/Application Support/Code/User/globalStorage/bmd.stm32-for-vscode/@xpack-dev-tools/arm-none-eabi-gcc/12.2.1-1.2.1/.content/bin/../lib/gcc/arm-none-eabi/12.2.1/thumb/v7e-m+fp/hard/crti.o
LOAD /Users/sol/Library/Application Support/Code/User/globalStorage/bmd.stm32-for-vscode/@xpack-dev-tools/arm-none-eabi-gcc/12.2.1-1.2.1/.content/bin/../lib/gcc/arm-none-eabi/12.2.1/thumb/v7e-m+fp/hard/crtbegin.o
LOAD /Users/sol/Library/Application Support/Code/User/globalStorage/bmd.stm32-for-vscode/@xpack-dev-tools/arm-none-eabi-gcc/12.2.1-1.2.1/.content/bin/../lib/gcc/arm-none-eabi/12.2.1/../../../../arm-none-eabi/lib/thumb/v7e-m+fp/hard/crt0.o
LOAD build/Camera_I2C.o
LOAD build/F7Cam_Driver.o
LOAD build/ov5640_driver.o
LOAD build/container.o
LOAD build/mutff_fatfs.o
LOAD build/events.o
LOAD build/main.o
LOAD build/stm32f7xx_hal_msp.o
LOAD build/stm32f7xx_it.o
LOAD build/syscalls.o
LOAD build/system_stm32f7xx.o
LOAD build/stm32f7xx_hal.o
LOAD build/stm32f7xx_hal_cortex.o
LOAD build/stm32f7xx_hal_dcmi.o
LOAD build/stm32f7xx_hal_dcmi_ex.o
LOAD build/stm32f7xx_hal_dma.o
LOAD build/stm32f7xx_hal_dma2d.o
LOAD build/stm32f7xx_hal_dma_ex.o
LOAD build/stm32f7xx_hal_exti.o
LOAD build/stm32f7xx_hal_flash.o
LOAD build/stm32f7xx_hal_flash_ex.o
LOAD build/stm32f7xx_hal_gpio.o
LOAD build/stm32f7xx_hal_i2c.o
LOAD build/stm32f7xx_hal_i2c_ex.o
LOAD build/stm32f7xx_hal_pcd.o
LOAD build/stm32f7xx_hal_pcd_ex.o
LOAD build/stm32f7xx_hal_pwr.o
LOAD build/stm32f7xx_hal_pwr_ex.o
LOAD build/stm32f7xx_hal_rcc.o
LOAD build/stm32f7xx_hal_rcc_ex.o
LOAD build/stm32f7xx_hal_sd.o
LOAD build/stm32f7xx_hal_tim.o
LOAD build/stm32f7xx_hal_tim_ex.o
LOAD build/stm32f7xx_ll_sdmmc.o
LOAD build/stm32f7xx_ll_usb.o
LOAD build/fatfs.o
LOAD build/bsp_driver_sd.o
LOAD build/fatfs_platform.o
LOAD build/sd_diskio.o
LOAD build/diskio.o
LOAD build/ff.o
LOAD build/ff_gen_drv.o
LOAD build/ccsbcs.o
LOAD build/syscall.o
LOAD build/mutff_core.o
LOAD build/mutff_default.o
LOAD build/startup_stm32f746xx.o
LOAD /Users/sol/Library/Application Support/Code/User/globalStorage/bmd.stm32-for-vscode/@xpack-dev-tools/arm-none-eabi-gcc/12.2.1-1.2.1/.content/bin/../lib/gcc/arm-none-eabi/12.2.1/../../../../arm-none-eabi/lib/thumb/v7e-m+fp/hard/libc_nano.a
LOAD /Users/sol/Library/Application Support/Code/User/globalStorage/bmd.stm32-for-vscode/@xpack-dev-tools/arm-none-eabi-gcc/12.2.1-1.2.1/.content/bin/../lib/gcc/arm-none-eabi/12.2.1/../../../../arm-none-eabi/lib/thumb/v7e-m+fp/hard/libm.a
LOAD /Users/sol/Library/Application Support/Code/User/globalStorage/bmd.stm32-for-vscode/@xpack-dev-tools/arm-none-eabi-gcc/12.2.1-1.2.1/.content/bin/../lib/gcc/arm-none-eabi/12.2.1/../../../../arm-none-eabi/lib/thumb/v7e-m+fp/hard/libnosys.a
START GROUP
LOAD /Users/sol/Library/Application Support/Code/User/globalStorage/bmd.stm32-for-vscode/@xpack-dev-tools/arm-none-eabi-gcc/12.2.1-1.2.1/.content/bin/../lib/gcc/arm-none-eabi/12.2.1/thumb/v7e-m+fp/hard/libgcc.a
LOAD /Users/sol/Library/Application Support/Code/User/globalStorage/bmd.stm32-for-vscode/@xpack-dev-tools/arm-none-eabi-gcc/12.2.1-1.2.1/.content/bin/../lib/gcc/arm-none-eabi/12.2.1/../../../../arm-none-eabi/lib/thumb/v7e-m+fp/hard/libc_nano.a
END GROUP
START GROUP
LOAD /Users/sol/Library/Application Support/Code/User/globalStorage/bmd.stm32-for-vscode/@xpack-dev-tools/arm-none-eabi-gcc/12.2.1-1.2.1/.content/bin/../lib/gcc/arm-none-eabi/12.2.1/thumb/v7e-m+fp/hard/libgcc.a
LOAD /Users/sol/Library/Application Support/Code/User/globalStorage/bmd.stm32-for-vscode/@xpack-dev-tools/arm-none-eabi-gcc/12.2.1-1.2.1/.content/bin/../lib/gcc/arm-none-eabi/12.2.1/../../../../arm-none-eabi/lib/thumb/v7e-m+fp/hard/libc_nano.a
END GROUP
LOAD /Users/sol/Library/Application Support/Code/User/globalStorage/bmd.stm32-for-vscode/@xpack-dev-tools/arm-none-eabi-gcc/12.2.1-1.2.1/.content/bin/../lib/gcc/arm-none-eabi/12.2.1/thumb/v7e-m+fp/hard/crtend.o
LOAD /Users/sol/Library/Application Support/Code/User/globalStorage/bmd.stm32-for-vscode/@xpack-dev-tools/arm-none-eabi-gcc/12.2.1-1.2.1/.content/bin/../lib/gcc/arm-none-eabi/12.2.1/thumb/v7e-m+fp/hard/crtn.o
                0x0000000020050000                _estack = (ORIGIN (RAM) + LENGTH (RAM))
                0x0000000000000200                _Min_Heap_Size = 0x200
                0x0000000000000400                _Min_Stack_Size = 0x400

.isr_vector     0x0000000008000000      0x1c8
                0x0000000008000000                . = ALIGN (0x4)
 *(.isr_vector)
 .isr_vector    0x0000000008000000      0x1c8 build/startup_stm32f746xx.o
                0x0000000008000000                g_pfnVectors
                0x00000000080001c8                . = ALIGN (0x4)

.text           0x00000000080001d0    0x10248
                0x00000000080001d0                . = ALIGN (0x4)
 *(.text)
 .text          0x00000000080001d0       0x10 /Users/sol/Library/Application Support/Code/User/globalStorage/bmd.stm32-for-vscode/@xpack-dev-tools/arm-none-eabi-gcc/12.2.1-1.2.1/.content/bin/../lib/gcc/arm-none-eabi/12.2.1/../../../../arm-none-eabi/lib/thumb/v7e-m+fp/hard/libc_nano.a(libc_a-strlen.o)
                0x00000000080001d0                strlen
 .text          0x00000000080001e0       0xa0 /Users/sol/Library/Application Support/Code/User/globalStorage/bmd.stm32-for-vscode/@xpack-dev-tools/arm-none-eabi-gcc/12.2.1-1.2.1/.content/bin/../lib/gcc/arm-none-eabi/12.2.1/../../../../arm-none-eabi/lib/thumb/v7e-m+fp/hard/libc_nano.a(libc_a-memchr.o)
                0x00000000080001e0                memchr
 .text          0x0000000008000280       0x30 /Users/sol/Library/Application Support/Code/User/globalStorage/bmd.stm32-for-vscode/@xpack-dev-tools/arm-none-eabi-gcc/12.2.1-1.2.1/.content/bin/../lib/gcc/arm-none-eabi/12.2.1/thumb/v7e-m+fp/hard/libgcc.a(_aeabi_uldivmod.o)
                0x0000000008000280                __aeabi_uldivmod
 .text          0x00000000080002b0        0x4 /Users/sol/Library/Application Support/Code/User/globalStorage/bmd.stm32-for-vscode/@xpack-dev-tools/arm-none-eabi-gcc/12.2.1-1.2.1/.content/bin/../lib/gcc/arm-none-eabi/12.2.1/thumb/v7e-m+fp/hard/libgcc.a(_dvmd_tls.o)
                0x00000000080002b0                __aeabi_ldiv0
                0x00000000080002b0                __aeabi_idiv0
 *(.text*)
 .text.__do_global_dtors_aux
                0x00000000080002b4       0x24 /Users/sol/Library/Application Support/Code/User/globalStorage/bmd.stm32-for-vscode/@xpack-dev-tools/arm-none-eabi-gcc/12.2.1-1.2.1/.content/bin/../lib/gcc/arm-none-eabi/12.2.1/thumb/v7e-m+fp/hard/crtbegin.o
 .text.frame_dummy
                0x00000000080002d8       0x1c /Users/sol/Library/Application Support/Code/User/globalStorage/bmd.stm32-for-vscode/@xpack-dev-tools/arm-none-eabi-gcc/12.2.1-1.2.1/.content/bin/../lib/gcc/arm-none-eabi/12.2.1/thumb/v7e-m+fp/hard/crtbegin.o
 .text.I2Cx_MspInit
                0x00000000080002f4      0x128 build/Camera_I2C.o
 .text.I2Cx_Init
                0x000000000800041c       0x4c build/Camera_I2C.o
 .text.I2Cx_Error
                0x0000000008000468       0x10 build/Camera_I2C.o
 .text.I2Cx_WriteMultiple
                0x0000000008000478       0x30 build/Camera_I2C.o
 .text.I2Cx_ReadMultiple
                0x00000000080004a8       0x30 build/Camera_I2C.o
 .text.CAMERA_IO_Init
                0x00000000080004d8       0x10 build/Camera_I2C.o
                0x00000000080004d8                CAMERA_IO_Init
 .text.CAMERA_IO_Write_OV5640
                0x00000000080004e8       0x28 build/Camera_I2C.o
                0x00000000080004e8                CAMERA_IO_Write_OV5640
 .text.CAMERA_IO_Read_OV5640
                0x0000000008000510       0x30 build/Camera_I2C.o
                0x0000000008000510                CAMERA_IO_Read_OV5640
 .text.CAMERA_Delay
                0x0000000008000540        0x8 build/Camera_I2C.o
                0x0000000008000540                CAMERA_Delay
 .text.DCMI_DMAError
                0x0000000008000548       0x1a build/F7Cam_Driver.o
 *fill*         0x0000000008000562        0x2 
 .text.DCMI_DMA_TRANSFER_HALF_COMPLETE
                0x0000000008000564       0x28 build/F7Cam_Driver.o
                0x0000000008000564                DCMI_DMA_TRANSFER_HALF_COMPLETE
 .text.DCMI_DMA_TRANSFER_COMPLETE
                0x000000000800058c       0xf8 build/F7Cam_Driver.o
                0x000000000800058c                DCMI_DMA_TRANSFER_COMPLETE
 .text.BSP_CAMERA_PwrUp
                0x0000000008000684       0x50 build/F7Cam_Driver.o
                0x0000000008000684                BSP_CAMERA_PwrUp
 .text.BSP_CAMERA_PwrDown
                0x00000000080006d4       0x4c build/F7Cam_Driver.o
                0x00000000080006d4                BSP_CAMERA_PwrDown
 .text.BSP_CAMERA_Stop
                0x0000000008000720       0x1c build/F7Cam_Driver.o
                0x0000000008000720                BSP_CAMERA_Stop
 .text.BSP_CAMERA_MspInit
                0x000000000800073c      0x194 build/F7Cam_Driver.o
                0x000000000800073c                BSP_CAMERA_MspInit
 .text.CAM_Init
                0x00000000080008d0       0xd0 build/F7Cam_Driver.o
                0x00000000080008d0                CAM_Init
 .text.BSP_CAMERA_LineEventCallback
                0x00000000080009a0        0x2 build/F7Cam_Driver.o
                0x00000000080009a0                BSP_CAMERA_LineEventCallback
 *fill*         0x00000000080009a2        0x2 
 .text.HAL_DCMI_LineEventCallback
                0x00000000080009a4       0x3c build/F7Cam_Driver.o
                0x00000000080009a4                HAL_DCMI_LineEventCallback
 .text.BSP_CAMERA_VsyncEventCallback
                0x00000000080009e0        0x2 build/F7Cam_Driver.o
                0x00000000080009e0                BSP_CAMERA_VsyncEventCallback
 *fill*         0x00000000080009e2        0x2 
 .text.HAL_DCMI_VsyncEventCallback
                0x00000000080009e4      0x184 build/F7Cam_Driver.o
                0x00000000080009e4                HAL_DCMI_VsyncEventCallback
 .text.BSP_CAMERA_FrameEventCallback
                0x0000000008000b68        0x2 build/F7Cam_Driver.o
                0x0000000008000b68                BSP_CAMERA_FrameEventCallback
 .text.HAL_DCMI_FrameEventCallback
                0x0000000008000b6a        0x8 build/F7Cam_Driver.o
                0x0000000008000b6a                HAL_DCMI_FrameEventCallback
 .text.BSP_CAMERA_ErrorCallback
                0x0000000008000b72        0x2 build/F7Cam_Driver.o
                0x0000000008000b72                BSP_CAMERA_ErrorCallback
 .text.HAL_DCMI_ErrorCallback
                0x0000000008000b74        0x8 build/F7Cam_Driver.o
                0x0000000008000b74                HAL_DCMI_ErrorCallback
 .text.HAL_DCMI_Start_DMA2
                0x0000000008000b7c      0x104 build/F7Cam_Driver.o
                0x0000000008000b7c                HAL_DCMI_Start_DMA2
 .text.BSP_CAMERA_ContinuousStart
                0x0000000008000c80       0x38 build/F7Cam_Driver.o
                0x0000000008000c80                BSP_CAMERA_ContinuousStart
 .text.ov5640_Init
                0x0000000008000cb8       0x24 build/ov5640_driver.o
                0x0000000008000cb8                ov5640_Init
 .text.ov5640_Set_JPEG
                0x0000000008000cdc       0x24 build/ov5640_driver.o
                0x0000000008000cdc                ov5640_Set_JPEG
 .text.OV5640_SetPCLK
                0x0000000008000d00      0x10e build/ov5640_driver.o
                0x0000000008000d00                OV5640_SetPCLK
 .text.ov5640_ReadID
                0x0000000008000e0e       0x4a build/ov5640_driver.o
                0x0000000008000e0e                ov5640_ReadID
 .text.OV5640_Set_Size
                0x0000000008000e58       0x90 build/ov5640_driver.o
                0x0000000008000e58                OV5640_Set_Size
 .text.ov5640_Init_JPEG
                0x0000000008000ee8       0x44 build/ov5640_driver.o
                0x0000000008000ee8                ov5640_Init_JPEG
 .text.ov5640_Init_RGB565
                0x0000000008000f2c       0x1e build/ov5640_driver.o
                0x0000000008000f2c                ov5640_Init_RGB565
 *fill*         0x0000000008000f4a        0x2 
 .text.container_init
                0x0000000008000f4c       0x4c build/container.o
                0x0000000008000f4c                container_init
 .text.container_set_frame_rate
                0x0000000008000f98       0x10 build/container.o
                0x0000000008000f98                container_set_frame_rate
 .text.container_set_resolution
                0x0000000008000fa8       0x24 build/container.o
                0x0000000008000fa8                container_set_resolution
 .text.container_set_format
                0x0000000008000fcc        0xc build/container.o
                0x0000000008000fcc                container_set_format
 .text.container_on_dcmi_data_ready
                0x0000000008000fd8       0x54 build/container.o
                0x0000000008000fd8                container_on_dcmi_data_ready
 .text.container_on_dcmi_frame_complete
                0x000000000800102c       0x98 build/container.o
                0x000000000800102c                container_on_dcmi_frame_complete
 .text.mutff_tell_fatfs
                0x00000000080010c4        0x4 build/mutff_fatfs.o
                0x00000000080010c4                mutff_tell_fatfs
 .text.mutff_seek_fatfs
                0x00000000080010c8        0x4 build/mutff_fatfs.o
                0x00000000080010c8                mutff_seek_fatfs
 .text.mutff_read_fatfs
                0x00000000080010cc       0x1c build/mutff_fatfs.o
                0x00000000080010cc                mutff_read_fatfs
 .text.mutff_write_fatfs
                0x00000000080010e8       0x1c build/mutff_fatfs.o
                0x00000000080010e8                mutff_write_fatfs
 .text.push_event_queue
                0x0000000008001104       0x38 build/events.o
                0x0000000008001104                push_event_queue
 .text.pop_event_queue
                0x000000000800113c       0x50 build/events.o
                0x000000000800113c                pop_event_queue
 .text.MX_SDMMC1_SD_Init
                0x000000000800118c       0x24 build/main.o
 .text.MX_GPIO_Init
                0x00000000080011b0      0x560 build/main.o
 .text.MX_DMA_Init
                0x0000000008001710       0x44 build/main.o
 .text.Error_Handler
                0x0000000008001754        0x4 build/main.o
                0x0000000008001754                Error_Handler
 .text.handle_event
                0x0000000008001758       0x4e build/main.o
                0x0000000008001758                handle_event
 *fill*         0x00000000080017a6        0x2 
 .text.MX_I2C1_Init
                0x00000000080017a8       0x54 build/main.o
 .text.MX_DCMI_Init
                0x00000000080017fc       0x3c build/main.o
 .text.MX_USB_OTG_HS_PCD_Init
                0x0000000008001838       0x38 build/main.o
 .text.MX_TIM3_Init
                0x0000000008001870       0xa8 build/main.o
 .text.SystemClock_Config
                0x0000000008001918       0xb0 build/main.o
                0x0000000008001918                SystemClock_Config
 .text.main     0x00000000080019c8      0x124 build/main.o
                0x00000000080019c8                main
 .text.HAL_MspInit
                0x0000000008001aec       0x30 build/stm32f7xx_hal_msp.o
                0x0000000008001aec                HAL_MspInit
 .text.HAL_DCMI_MspInit
                0x0000000008001b1c      0x17c build/stm32f7xx_hal_msp.o
                0x0000000008001b1c                HAL_DCMI_MspInit
 .text.HAL_I2C_MspInit
                0x0000000008001c98       0x8c build/stm32f7xx_hal_msp.o
                0x0000000008001c98                HAL_I2C_MspInit
 .text.HAL_I2C_MspDeInit
                0x0000000008001d24       0x3c build/stm32f7xx_hal_msp.o
                0x0000000008001d24                HAL_I2C_MspDeInit
 .text.HAL_SD_MspInit
                0x0000000008001d60      0x12c build/stm32f7xx_hal_msp.o
                0x0000000008001d60                HAL_SD_MspInit
 .text.HAL_TIM_Base_MspInit
                0x0000000008001e8c       0x40 build/stm32f7xx_hal_msp.o
                0x0000000008001e8c                HAL_TIM_Base_MspInit
 .text.HAL_TIM_MspPostInit
                0x0000000008001ecc       0x50 build/stm32f7xx_hal_msp.o
                0x0000000008001ecc                HAL_TIM_MspPostInit
 .text.HAL_PCD_MspInit
                0x0000000008001f1c      0x108 build/stm32f7xx_hal_msp.o
                0x0000000008001f1c                HAL_PCD_MspInit
 .text.NMI_Handler
                0x0000000008002024        0x2 build/stm32f7xx_it.o
                0x0000000008002024                NMI_Handler
 .text.HardFault_Handler
                0x0000000008002026        0x2 build/stm32f7xx_it.o
                0x0000000008002026                HardFault_Handler
 .text.MemManage_Handler
                0x0000000008002028        0x2 build/stm32f7xx_it.o
                0x0000000008002028                MemManage_Handler
 .text.BusFault_Handler
                0x000000000800202a        0x2 build/stm32f7xx_it.o
                0x000000000800202a                BusFault_Handler
 .text.UsageFault_Handler
                0x000000000800202c        0x2 build/stm32f7xx_it.o
                0x000000000800202c                UsageFault_Handler
 .text.SVC_Handler
                0x000000000800202e        0x2 build/stm32f7xx_it.o
                0x000000000800202e                SVC_Handler
 .text.DebugMon_Handler
                0x0000000008002030        0x2 build/stm32f7xx_it.o
                0x0000000008002030                DebugMon_Handler
 .text.PendSV_Handler
                0x0000000008002032        0x2 build/stm32f7xx_it.o
                0x0000000008002032                PendSV_Handler
 .text.SysTick_Handler
                0x0000000008002034        0x8 build/stm32f7xx_it.o
                0x0000000008002034                SysTick_Handler
 .text.TIM3_IRQHandler
                0x000000000800203c       0x10 build/stm32f7xx_it.o
                0x000000000800203c                TIM3_IRQHandler
 .text.SDMMC1_IRQHandler
                0x000000000800204c       0x10 build/stm32f7xx_it.o
                0x000000000800204c                SDMMC1_IRQHandler
 .text.DMA2_Stream1_IRQHandler
                0x000000000800205c       0x10 build/stm32f7xx_it.o
                0x000000000800205c                DMA2_Stream1_IRQHandler
 .text.DMA2_Stream3_IRQHandler
                0x000000000800206c       0x10 build/stm32f7xx_it.o
                0x000000000800206c                DMA2_Stream3_IRQHandler
 .text.DCMI_IRQHandler
                0x000000000800207c       0x10 build/stm32f7xx_it.o
                0x000000000800207c                DCMI_IRQHandler
 .text.ITM_SendChar
                0x000000000800208c       0x34 build/syscalls.o
 .text._exit    0x00000000080020c0        0x6 build/syscalls.o
                0x00000000080020c0                _exit
 .text._write   0x00000000080020c6       0x1a build/syscalls.o
                0x00000000080020c6                _write
 .text.SystemInit
                0x00000000080020e0       0x14 build/system_stm32f7xx.o
                0x00000000080020e0                SystemInit
 .text.HAL_InitTick
                0x00000000080020f4       0x4c build/stm32f7xx_hal.o
                0x00000000080020f4                HAL_InitTick
 .text.HAL_Init
                0x0000000008002140       0x16 build/stm32f7xx_hal.o
                0x0000000008002140                HAL_Init
 *fill*         0x0000000008002156        0x2 
 .text.HAL_IncTick
                0x0000000008002158       0x18 build/stm32f7xx_hal.o
                0x0000000008002158                HAL_IncTick
 .text.HAL_GetTick
                0x0000000008002170        0xc build/stm32f7xx_hal.o
                0x0000000008002170                HAL_GetTick
 .text.HAL_Delay
                0x000000000800217c       0x28 build/stm32f7xx_hal.o
                0x000000000800217c                HAL_Delay
 .text.HAL_SuspendTick
                0x00000000080021a4        0xe build/stm32f7xx_hal.o
                0x00000000080021a4                HAL_SuspendTick
 .text.HAL_ResumeTick
                0x00000000080021b2        0xe build/stm32f7xx_hal.o
                0x00000000080021b2                HAL_ResumeTick
 .text.__NVIC_SetPriority
                0x00000000080021c0       0x24 build/stm32f7xx_hal_cortex.o
 .text.NVIC_EncodePriority
                0x00000000080021e4       0x3e build/stm32f7xx_hal_cortex.o
 *fill*         0x0000000008002222        0x2 
 .text.HAL_NVIC_SetPriorityGrouping
                0x0000000008002224       0x24 build/stm32f7xx_hal_cortex.o
                0x0000000008002224                HAL_NVIC_SetPriorityGrouping
 .text.HAL_NVIC_SetPriority
                0x0000000008002248       0x20 build/stm32f7xx_hal_cortex.o
                0x0000000008002248                HAL_NVIC_SetPriority
 .text.HAL_NVIC_EnableIRQ
                0x0000000008002268       0x1c build/stm32f7xx_hal_cortex.o
                0x0000000008002268                HAL_NVIC_EnableIRQ
 .text.HAL_SYSTICK_Config
                0x0000000008002284       0x28 build/stm32f7xx_hal_cortex.o
                0x0000000008002284                HAL_SYSTICK_Config
 .text.HAL_DCMI_Init
                0x00000000080022ac       0xa0 build/stm32f7xx_hal_dcmi.o
                0x00000000080022ac                HAL_DCMI_Init
 .text.HAL_DCMI_Stop
                0x000000000800234c       0x84 build/stm32f7xx_hal_dcmi.o
                0x000000000800234c                HAL_DCMI_Stop
 .text.DCMI_DMAError
                0x00000000080023d0       0x20 build/stm32f7xx_hal_dcmi.o
 .text.HAL_DCMI_IRQHandler
                0x00000000080023f0       0xbc build/stm32f7xx_hal_dcmi.o
                0x00000000080023f0                HAL_DCMI_IRQHandler
 .text.HAL_DCMI_DisableCrop
                0x00000000080024ac       0x30 build/stm32f7xx_hal_dcmi.o
                0x00000000080024ac                HAL_DCMI_DisableCrop
 .text.DMA_SetConfig
                0x00000000080024dc       0x2c build/stm32f7xx_hal_dma.o
 .text.DMA_CalcBaseAndBitshift
                0x0000000008002508       0x40 build/stm32f7xx_hal_dma.o
 .text.DMA_CheckFifoParam
                0x0000000008002548       0x8e build/stm32f7xx_hal_dma.o
 *fill*         0x00000000080025d6        0x2 
 .text.HAL_DMA_Init
                0x00000000080025d8       0xcc build/stm32f7xx_hal_dma.o
                0x00000000080025d8                HAL_DMA_Init
 .text.HAL_DMA_Start_IT
                0x00000000080026a4       0x74 build/stm32f7xx_hal_dma.o
                0x00000000080026a4                HAL_DMA_Start_IT
 .text.HAL_DMA_Abort
                0x0000000008002718       0x94 build/stm32f7xx_hal_dma.o
                0x0000000008002718                HAL_DMA_Abort
 .text.HAL_DMA_Abort_IT
                0x00000000080027ac       0x26 build/stm32f7xx_hal_dma.o
                0x00000000080027ac                HAL_DMA_Abort_IT
 *fill*         0x00000000080027d2        0x2 
 .text.HAL_DMA_IRQHandler
                0x00000000080027d4      0x1dc build/stm32f7xx_hal_dma.o
                0x00000000080027d4                HAL_DMA_IRQHandler
 .text.HAL_DMA_GetError
                0x00000000080029b0        0x4 build/stm32f7xx_hal_dma.o
                0x00000000080029b0                HAL_DMA_GetError
 .text.DMA_MultiBufferSetConfig
                0x00000000080029b4       0x24 build/stm32f7xx_hal_dma_ex.o
 .text.HAL_DMAEx_MultiBufferStart_IT
                0x00000000080029d8      0xeec build/stm32f7xx_hal_dma_ex.o
                0x00000000080029d8                HAL_DMAEx_MultiBufferStart_IT
 .text.HAL_DMAEx_ChangeMemory
                0x00000000080038c4       0x10 build/stm32f7xx_hal_dma_ex.o
                0x00000000080038c4                HAL_DMAEx_ChangeMemory
 .text.HAL_GPIO_Init
                0x00000000080038d4      0x204 build/stm32f7xx_hal_gpio.o
                0x00000000080038d4                HAL_GPIO_Init
 .text.HAL_GPIO_DeInit
                0x0000000008003ad8      0x14c build/stm32f7xx_hal_gpio.o
                0x0000000008003ad8                HAL_GPIO_DeInit
 .text.HAL_GPIO_ReadPin
                0x0000000008003c24        0xe build/stm32f7xx_hal_gpio.o
                0x0000000008003c24                HAL_GPIO_ReadPin
 .text.HAL_GPIO_WritePin
                0x0000000008003c32        0xc build/stm32f7xx_hal_gpio.o
                0x0000000008003c32                HAL_GPIO_WritePin
 .text.I2C_Flush_TXDR
                0x0000000008003c3e       0x22 build/stm32f7xx_hal_i2c.o
 .text.I2C_TransferConfig
                0x0000000008003c60       0x3c build/stm32f7xx_hal_i2c.o
 .text.I2C_IsErrorOccurred
                0x0000000008003c9c      0x118 build/stm32f7xx_hal_i2c.o
 .text.I2C_WaitOnTXISFlagUntilTimeout
                0x0000000008003db4       0x56 build/stm32f7xx_hal_i2c.o
 .text.I2C_WaitOnFlagUntilTimeout
                0x0000000008003e0a       0x56 build/stm32f7xx_hal_i2c.o
 .text.I2C_RequestMemoryWrite
                0x0000000008003e60       0x7c build/stm32f7xx_hal_i2c.o
 .text.I2C_RequestMemoryRead
                0x0000000008003edc       0x78 build/stm32f7xx_hal_i2c.o
 .text.I2C_WaitOnSTOPFlagUntilTimeout
                0x0000000008003f54       0x50 build/stm32f7xx_hal_i2c.o
 .text.HAL_I2C_Init
                0x0000000008003fa4       0xbc build/stm32f7xx_hal_i2c.o
                0x0000000008003fa4                HAL_I2C_Init
 .text.HAL_I2C_DeInit
                0x0000000008004060       0x32 build/stm32f7xx_hal_i2c.o
                0x0000000008004060                HAL_I2C_DeInit
 .text.HAL_I2C_Mem_Write
                0x0000000008004092      0x1aa build/stm32f7xx_hal_i2c.o
                0x0000000008004092                HAL_I2C_Mem_Write
 .text.HAL_I2C_Mem_Read
                0x000000000800423c      0x1b0 build/stm32f7xx_hal_i2c.o
                0x000000000800423c                HAL_I2C_Mem_Read
 .text.HAL_I2C_GetState
                0x00000000080043ec        0x6 build/stm32f7xx_hal_i2c.o
                0x00000000080043ec                HAL_I2C_GetState
 .text.HAL_I2CEx_ConfigAnalogFilter
                0x00000000080043f2       0x5c build/stm32f7xx_hal_i2c_ex.o
                0x00000000080043f2                HAL_I2CEx_ConfigAnalogFilter
 .text.HAL_I2CEx_ConfigDigitalFilter
                0x000000000800444e       0x58 build/stm32f7xx_hal_i2c_ex.o
                0x000000000800444e                HAL_I2CEx_ConfigDigitalFilter
 .text.HAL_PCD_Init
                0x00000000080044a6      0x13c build/stm32f7xx_hal_pcd.o
                0x00000000080044a6                HAL_PCD_Init
 *fill*         0x00000000080045e2        0x2 
 .text.HAL_PCDEx_ActivateLPM
                0x00000000080045e4       0x28 build/stm32f7xx_hal_pcd_ex.o
                0x00000000080045e4                HAL_PCDEx_ActivateLPM
 .text.HAL_PWR_EnterSLEEPMode
                0x000000000800460c       0x28 build/stm32f7xx_hal_pwr.o
                0x000000000800460c                HAL_PWR_EnterSLEEPMode
 .text.HAL_PWREx_EnableOverDrive
                0x0000000008004634       0x7c build/stm32f7xx_hal_pwr_ex.o
                0x0000000008004634                HAL_PWREx_EnableOverDrive
 .text.HAL_RCC_OscConfig
                0x00000000080046b0      0x434 build/stm32f7xx_hal_rcc.o
                0x00000000080046b0                HAL_RCC_OscConfig
 .text.HAL_RCC_GetSysClockFreq
                0x0000000008004ae4       0xa8 build/stm32f7xx_hal_rcc.o
                0x0000000008004ae4                HAL_RCC_GetSysClockFreq
 .text.HAL_RCC_ClockConfig
                0x0000000008004b8c      0x16c build/stm32f7xx_hal_rcc.o
                0x0000000008004b8c                HAL_RCC_ClockConfig
 .text.HAL_RCCEx_PeriphCLKConfig
                0x0000000008004cf8      0x5ac build/stm32f7xx_hal_rcc_ex.o
                0x0000000008004cf8                HAL_RCCEx_PeriphCLKConfig
 .text.SD_DMATransmitCplt
                0x00000000080052a4        0xe build/stm32f7xx_hal_sd.o
 *fill*         0x00000000080052b2        0x2 
 .text.SD_PowerON
                0x00000000080052b4       0xc0 build/stm32f7xx_hal_sd.o
 .text.SD_Read_IT
                0x0000000008005374       0x38 build/stm32f7xx_hal_sd.o
 .text.SD_Write_IT
                0x00000000080053ac       0x48 build/stm32f7xx_hal_sd.o
 .text.SD_FindSCR
                0x00000000080053f4      0x100 build/stm32f7xx_hal_sd.o
 .text.SD_WideBus_Enable
                0x00000000080054f4       0x4e build/stm32f7xx_hal_sd.o
 .text.SD_WideBus_Disable
                0x0000000008005542       0x4e build/stm32f7xx_hal_sd.o
 .text.SD_SendStatus
                0x0000000008005590       0x2c build/stm32f7xx_hal_sd.o
 .text.HAL_SD_ReadBlocks_DMA
                0x00000000080055bc      0x134 build/stm32f7xx_hal_sd.o
                0x00000000080055bc                HAL_SD_ReadBlocks_DMA
 .text.HAL_SD_WriteBlocks_DMA
                0x00000000080056f0      0x130 build/stm32f7xx_hal_sd.o
                0x00000000080056f0                HAL_SD_WriteBlocks_DMA
 .text.HAL_SD_ErrorCallback
                0x0000000008005820        0x2 build/stm32f7xx_hal_sd.o
                0x0000000008005820                HAL_SD_ErrorCallback
 .text.SD_DMAReceiveCplt
                0x0000000008005822       0x48 build/stm32f7xx_hal_sd.o
 *fill*         0x000000000800586a        0x2 
 .text.HAL_SD_GetCardCSD
                0x000000000800586c      0x1b8 build/stm32f7xx_hal_sd.o
                0x000000000800586c                HAL_SD_GetCardCSD
 .text.SD_InitCard
                0x0000000008005a24      0x100 build/stm32f7xx_hal_sd.o
 .text.HAL_SD_InitCard
                0x0000000008005b24       0xa8 build/stm32f7xx_hal_sd.o
                0x0000000008005b24                HAL_SD_InitCard
 .text.HAL_SD_Init
                0x0000000008005bcc       0x36 build/stm32f7xx_hal_sd.o
                0x0000000008005bcc                HAL_SD_Init
 .text.HAL_SD_GetCardInfo
                0x0000000008005c02       0x24 build/stm32f7xx_hal_sd.o
                0x0000000008005c02                HAL_SD_GetCardInfo
 *fill*         0x0000000008005c26        0x2 
 .text.HAL_SD_ConfigWideBusOperation
                0x0000000008005c28       0xc0 build/stm32f7xx_hal_sd.o
                0x0000000008005c28                HAL_SD_ConfigWideBusOperation
 .text.HAL_SD_GetCardState
                0x0000000008005ce8       0x22 build/stm32f7xx_hal_sd.o
                0x0000000008005ce8                HAL_SD_GetCardState
 *fill*         0x0000000008005d0a        0x2 
 .text.SD_DMAError
                0x0000000008005d0c       0x68 build/stm32f7xx_hal_sd.o
 .text.SD_DMATxAbort
                0x0000000008005d74       0x44 build/stm32f7xx_hal_sd.o
 .text.SD_DMARxAbort
                0x0000000008005db8       0x44 build/stm32f7xx_hal_sd.o
 .text.HAL_SD_IRQHandler
                0x0000000008005dfc      0x1c8 build/stm32f7xx_hal_sd.o
                0x0000000008005dfc                HAL_SD_IRQHandler
 .text.TIM_OC1_SetConfig
                0x0000000008005fc4       0x68 build/stm32f7xx_hal_tim.o
 .text.TIM_OC3_SetConfig
                0x000000000800602c       0x70 build/stm32f7xx_hal_tim.o
 .text.TIM_OC4_SetConfig
                0x000000000800609c       0x54 build/stm32f7xx_hal_tim.o
 .text.TIM_OC5_SetConfig
                0x00000000080060f0       0x54 build/stm32f7xx_hal_tim.o
 .text.TIM_OC6_SetConfig
                0x0000000008006144       0x54 build/stm32f7xx_hal_tim.o
 .text.TIM_TI1_ConfigInputStage
                0x0000000008006198       0x26 build/stm32f7xx_hal_tim.o
 .text.TIM_TI2_ConfigInputStage
                0x00000000080061be       0x28 build/stm32f7xx_hal_tim.o
 .text.TIM_ITRx_SetConfig
                0x00000000080061e6       0x10 build/stm32f7xx_hal_tim.o
 *fill*         0x00000000080061f6        0x2 
 .text.HAL_TIM_Base_Start_IT
                0x00000000080061f8       0x90 build/stm32f7xx_hal_tim.o
                0x00000000080061f8                HAL_TIM_Base_Start_IT
 .text.HAL_TIM_PWM_MspInit
                0x0000000008006288        0x2 build/stm32f7xx_hal_tim.o
                0x0000000008006288                HAL_TIM_PWM_MspInit
 .text.HAL_TIM_PeriodElapsedCallback
                0x000000000800628a        0x2 build/stm32f7xx_hal_tim.o
                0x000000000800628a                HAL_TIM_PeriodElapsedCallback
 .text.HAL_TIM_OC_DelayElapsedCallback
                0x000000000800628c        0x2 build/stm32f7xx_hal_tim.o
                0x000000000800628c                HAL_TIM_OC_DelayElapsedCallback
 .text.HAL_TIM_IC_CaptureCallback
                0x000000000800628e        0x2 build/stm32f7xx_hal_tim.o
                0x000000000800628e                HAL_TIM_IC_CaptureCallback
 .text.HAL_TIM_PWM_PulseFinishedCallback
                0x0000000008006290        0x2 build/stm32f7xx_hal_tim.o
                0x0000000008006290                HAL_TIM_PWM_PulseFinishedCallback
 .text.HAL_TIM_TriggerCallback
                0x0000000008006292        0x2 build/stm32f7xx_hal_tim.o
                0x0000000008006292                HAL_TIM_TriggerCallback
 .text.HAL_TIM_IRQHandler
                0x0000000008006294      0x19a build/stm32f7xx_hal_tim.o
                0x0000000008006294                HAL_TIM_IRQHandler
 *fill*         0x000000000800642e        0x2 
 .text.TIM_Base_SetConfig
                0x0000000008006430      0x110 build/stm32f7xx_hal_tim.o
                0x0000000008006430                TIM_Base_SetConfig
 .text.HAL_TIM_Base_Init
                0x0000000008006540       0x60 build/stm32f7xx_hal_tim.o
                0x0000000008006540                HAL_TIM_Base_Init
 .text.HAL_TIM_PWM_Init
                0x00000000080065a0       0x60 build/stm32f7xx_hal_tim.o
                0x00000000080065a0                HAL_TIM_PWM_Init
 .text.TIM_OC2_SetConfig
                0x0000000008006600       0x70 build/stm32f7xx_hal_tim.o
                0x0000000008006600                TIM_OC2_SetConfig
 .text.HAL_TIM_PWM_ConfigChannel
                0x0000000008006670      0x13a build/stm32f7xx_hal_tim.o
                0x0000000008006670                HAL_TIM_PWM_ConfigChannel
 .text.TIM_ETR_SetConfig
                0x00000000080067aa       0x1a build/stm32f7xx_hal_tim.o
                0x00000000080067aa                TIM_ETR_SetConfig
 .text.HAL_TIM_ConfigClockSource
                0x00000000080067c4      0x100 build/stm32f7xx_hal_tim.o
                0x00000000080067c4                HAL_TIM_ConfigClockSource
 .text.HAL_TIMEx_MasterConfigSynchronization
                0x00000000080068c4       0xa0 build/stm32f7xx_hal_tim_ex.o
                0x00000000080068c4                HAL_TIMEx_MasterConfigSynchronization
 .text.HAL_TIMEx_CommutCallback
                0x0000000008006964        0x2 build/stm32f7xx_hal_tim_ex.o
                0x0000000008006964                HAL_TIMEx_CommutCallback
 .text.HAL_TIMEx_BreakCallback
                0x0000000008006966        0x2 build/stm32f7xx_hal_tim_ex.o
                0x0000000008006966                HAL_TIMEx_BreakCallback
 .text.HAL_TIMEx_Break2Callback
                0x0000000008006968        0x2 build/stm32f7xx_hal_tim_ex.o
                0x0000000008006968                HAL_TIMEx_Break2Callback
 *fill*         0x000000000800696a        0x2 
 .text.SDMMC_GetCmdError
                0x000000000800696c       0x38 build/stm32f7xx_ll_sdmmc.o
 .text.SDMMC_Init
                0x00000000080069a4       0x34 build/stm32f7xx_ll_sdmmc.o
                0x00000000080069a4                SDMMC_Init
 .text.SDMMC_ReadFIFO
                0x00000000080069d8        0x6 build/stm32f7xx_ll_sdmmc.o
                0x00000000080069d8                SDMMC_ReadFIFO
 .text.SDMMC_WriteFIFO
                0x00000000080069de        0xa build/stm32f7xx_ll_sdmmc.o
                0x00000000080069de                SDMMC_WriteFIFO
 .text.SDMMC_PowerState_ON
                0x00000000080069e8        0x8 build/stm32f7xx_ll_sdmmc.o
                0x00000000080069e8                SDMMC_PowerState_ON
 .text.SDMMC_GetPowerState
                0x00000000080069f0        0x8 build/stm32f7xx_ll_sdmmc.o
                0x00000000080069f0                SDMMC_GetPowerState
 .text.SDMMC_SendCommand
                0x00000000080069f8       0x24 build/stm32f7xx_ll_sdmmc.o
                0x00000000080069f8                SDMMC_SendCommand
 .text.SDMMC_GetCommandResponse
                0x0000000008006a1c        0x6 build/stm32f7xx_ll_sdmmc.o
                0x0000000008006a1c                SDMMC_GetCommandResponse
 .text.SDMMC_GetResponse
                0x0000000008006a22        0x6 build/stm32f7xx_ll_sdmmc.o
                0x0000000008006a22                SDMMC_GetResponse
 .text.SDMMC_ConfigData
                0x0000000008006a28       0x24 build/stm32f7xx_ll_sdmmc.o
                0x0000000008006a28                SDMMC_ConfigData
 .text.SDMMC_CmdGoIdleState
                0x0000000008006a4c       0x26 build/stm32f7xx_ll_sdmmc.o
                0x0000000008006a4c                SDMMC_CmdGoIdleState
 *fill*         0x0000000008006a72        0x2 
 .text.SDMMC_GetCmdResp1
                0x0000000008006a74      0x154 build/stm32f7xx_ll_sdmmc.o
                0x0000000008006a74                SDMMC_GetCmdResp1
 .text.SDMMC_CmdBlockLength
                0x0000000008006bc8       0x30 build/stm32f7xx_ll_sdmmc.o
                0x0000000008006bc8                SDMMC_CmdBlockLength
 .text.SDMMC_CmdReadSingleBlock
                0x0000000008006bf8       0x30 build/stm32f7xx_ll_sdmmc.o
                0x0000000008006bf8                SDMMC_CmdReadSingleBlock
 .text.SDMMC_CmdReadMultiBlock
                0x0000000008006c28       0x30 build/stm32f7xx_ll_sdmmc.o
                0x0000000008006c28                SDMMC_CmdReadMultiBlock
 .text.SDMMC_CmdWriteSingleBlock
                0x0000000008006c58       0x30 build/stm32f7xx_ll_sdmmc.o
                0x0000000008006c58                SDMMC_CmdWriteSingleBlock
 .text.SDMMC_CmdWriteMultiBlock
                0x0000000008006c88       0x30 build/stm32f7xx_ll_sdmmc.o
                0x0000000008006c88                SDMMC_CmdWriteMultiBlock
 .text.SDMMC_CmdStopTransfer
                0x0000000008006cb8       0x34 build/stm32f7xx_ll_sdmmc.o
                0x0000000008006cb8                SDMMC_CmdStopTransfer
 .text.SDMMC_CmdSelDesel
                0x0000000008006cec       0x30 build/stm32f7xx_ll_sdmmc.o
                0x0000000008006cec                SDMMC_CmdSelDesel
 .text.SDMMC_CmdAppCommand
                0x0000000008006d1c       0x30 build/stm32f7xx_ll_sdmmc.o
                0x0000000008006d1c                SDMMC_CmdAppCommand
 .text.SDMMC_CmdBusWidth
                0x0000000008006d4c       0x30 build/stm32f7xx_ll_sdmmc.o
                0x0000000008006d4c                SDMMC_CmdBusWidth
 .text.SDMMC_CmdSendSCR
                0x0000000008006d7c       0x30 build/stm32f7xx_ll_sdmmc.o
                0x0000000008006d7c                SDMMC_CmdSendSCR
 .text.SDMMC_CmdSendStatus
                0x0000000008006dac       0x30 build/stm32f7xx_ll_sdmmc.o
                0x0000000008006dac                SDMMC_CmdSendStatus
 .text.SDMMC_GetCmdResp2
                0x0000000008006ddc       0x5c build/stm32f7xx_ll_sdmmc.o
                0x0000000008006ddc                SDMMC_GetCmdResp2
 .text.SDMMC_CmdSendCID
                0x0000000008006e38       0x2a build/stm32f7xx_ll_sdmmc.o
                0x0000000008006e38                SDMMC_CmdSendCID
 .text.SDMMC_CmdSendCSD
                0x0000000008006e62       0x2a build/stm32f7xx_ll_sdmmc.o
                0x0000000008006e62                SDMMC_CmdSendCSD
 .text.SDMMC_GetCmdResp3
                0x0000000008006e8c       0x4c build/stm32f7xx_ll_sdmmc.o
                0x0000000008006e8c                SDMMC_GetCmdResp3
 .text.SDMMC_CmdAppOperCommand
                0x0000000008006ed8       0x34 build/stm32f7xx_ll_sdmmc.o
                0x0000000008006ed8                SDMMC_CmdAppOperCommand
 .text.SDMMC_GetCmdResp6
                0x0000000008006f0c       0xa0 build/stm32f7xx_ll_sdmmc.o
                0x0000000008006f0c                SDMMC_GetCmdResp6
 .text.SDMMC_CmdSetRelAdd
                0x0000000008006fac       0x30 build/stm32f7xx_ll_sdmmc.o
                0x0000000008006fac                SDMMC_CmdSetRelAdd
 .text.SDMMC_GetCmdResp7
                0x0000000008006fdc       0x64 build/stm32f7xx_ll_sdmmc.o
                0x0000000008006fdc                SDMMC_GetCmdResp7
 .text.SDMMC_CmdOperCond
                0x0000000008007040       0x2e build/stm32f7xx_ll_sdmmc.o
                0x0000000008007040                SDMMC_CmdOperCond
 *fill*         0x000000000800706e        0x2 
 .text.USB_CoreReset
                0x0000000008007070       0x50 build/stm32f7xx_ll_usb.o
 .text.USB_CoreInit
                0x00000000080070c0       0x7c build/stm32f7xx_ll_usb.o
                0x00000000080070c0                USB_CoreInit
 .text.USB_DisableGlobalInt
                0x000000000800713c        0xc build/stm32f7xx_ll_usb.o
                0x000000000800713c                USB_DisableGlobalInt
 .text.USB_FlushTxFifo
                0x0000000008007148       0x50 build/stm32f7xx_ll_usb.o
                0x0000000008007148                USB_FlushTxFifo
 .text.USB_FlushRxFifo
                0x0000000008007198       0x4c build/stm32f7xx_ll_usb.o
                0x0000000008007198                USB_FlushRxFifo
 .text.USB_SetDevSpeed
                0x00000000080071e4        0xe build/stm32f7xx_ll_usb.o
                0x00000000080071e4                USB_SetDevSpeed
 *fill*         0x00000000080071f2        0x2 
 .text.USB_DevInit
                0x00000000080071f4      0x188 build/stm32f7xx_ll_usb.o
                0x00000000080071f4                USB_DevInit
 .text.USB_DevDisconnect
                0x000000000800737c       0x1c build/stm32f7xx_ll_usb.o
                0x000000000800737c                USB_DevDisconnect
 .text.USB_GetMode
                0x0000000008007398        0x8 build/stm32f7xx_ll_usb.o
                0x0000000008007398                USB_GetMode
 .text.USB_SetCurrentMode
                0x00000000080073a0       0x62 build/stm32f7xx_ll_usb.o
                0x00000000080073a0                USB_SetCurrentMode
 *fill*         0x0000000008007402        0x2 
 .text.MX_FATFS_Init
                0x0000000008007404       0x1c build/fatfs.o
                0x0000000008007404                MX_FATFS_Init
 .text.get_fattime
                0x0000000008007420        0x4 build/fatfs.o
                0x0000000008007420                get_fattime
 .text.BSP_SD_ReadBlocks_DMA
                0x0000000008007424       0x18 build/bsp_driver_sd.o
                0x0000000008007424                BSP_SD_ReadBlocks_DMA
 .text.BSP_SD_WriteBlocks_DMA
                0x000000000800743c       0x18 build/bsp_driver_sd.o
                0x000000000800743c                BSP_SD_WriteBlocks_DMA
 .text.BSP_SD_GetCardState
                0x0000000008007454       0x14 build/bsp_driver_sd.o
                0x0000000008007454                BSP_SD_GetCardState
 .text.BSP_SD_GetCardInfo
                0x0000000008007468       0x10 build/bsp_driver_sd.o
                0x0000000008007468                BSP_SD_GetCardInfo
 .text.BSP_SD_AbortCallback
                0x0000000008007478        0x2 build/bsp_driver_sd.o
                0x0000000008007478                BSP_SD_AbortCallback
 .text.HAL_SD_AbortCallback
                0x000000000800747a        0x8 build/bsp_driver_sd.o
                0x000000000800747a                HAL_SD_AbortCallback
 .text.HAL_SD_TxCpltCallback
                0x0000000008007482        0x8 build/bsp_driver_sd.o
                0x0000000008007482                HAL_SD_TxCpltCallback
 .text.HAL_SD_RxCpltCallback
                0x000000000800748a        0x8 build/bsp_driver_sd.o
                0x000000000800748a                HAL_SD_RxCpltCallback
 .text.BSP_SD_IsDetected
                0x0000000008007492       0x20 build/bsp_driver_sd.o
                0x0000000008007492                BSP_SD_IsDetected
 *fill*         0x00000000080074b2        0x2 
 .text.BSP_SD_Init
                0x00000000080074b4       0x34 build/bsp_driver_sd.o
                0x00000000080074b4                BSP_SD_Init
 .text.BSP_PlatformIsDetected
                0x00000000080074e8       0x1c build/fatfs_platform.o
                0x00000000080074e8                BSP_PlatformIsDetected
 .text.SD_CheckStatus
                0x0000000008007504       0x24 build/sd_diskio.o
 .text.SD_initialize
                0x0000000008007528       0x20 build/sd_diskio.o
                0x0000000008007528                SD_initialize
 .text.SD_status
                0x0000000008007548        0x8 build/sd_diskio.o
                0x0000000008007548                SD_status
 .text.SD_CheckStatusWithTimeout
                0x0000000008007550       0x26 build/sd_diskio.o
 *fill*         0x0000000008007576        0x2 
 .text.SD_read  0x0000000008007578       0x80 build/sd_diskio.o
                0x0000000008007578                SD_read
 .text.SD_write
                0x00000000080075f8       0x80 build/sd_diskio.o
                0x00000000080075f8                SD_write
 .text.SD_ioctl
                0x0000000008007678       0x58 build/sd_diskio.o
                0x0000000008007678                SD_ioctl
 .text.BSP_SD_WriteCpltCallback
                0x00000000080076d0        0xc build/sd_diskio.o
                0x00000000080076d0                BSP_SD_WriteCpltCallback
 .text.BSP_SD_ReadCpltCallback
                0x00000000080076dc        0xc build/sd_diskio.o
                0x00000000080076dc                BSP_SD_ReadCpltCallback
 .text.disk_status
                0x00000000080076e8       0x18 build/diskio.o
                0x00000000080076e8                disk_status
 .text.disk_initialize
                0x0000000008007700       0x28 build/diskio.o
                0x0000000008007700                disk_initialize
 .text.disk_read
                0x0000000008007728       0x18 build/diskio.o
                0x0000000008007728                disk_read
 .text.disk_write
                0x0000000008007740       0x18 build/diskio.o
                0x0000000008007740                disk_write
 .text.disk_ioctl
                0x0000000008007758       0x18 build/diskio.o
                0x0000000008007758                disk_ioctl
 .text.ld_word  0x0000000008007770        0xa build/ff.o
 .text.ld_dword
                0x000000000800777a       0x16 build/ff.o
 .text.ld_qword
                0x0000000008007790       0x44 build/ff.o
 .text.st_word  0x00000000080077d4        0x8 build/ff.o
 .text.st_dword
                0x00000000080077dc       0x14 build/ff.o
 .text.st_qword
                0x00000000080077f0       0x26 build/ff.o
 .text.mem_cpy  0x0000000008007816       0x14 build/ff.o
 .text.mem_set  0x000000000800782a        0xa build/ff.o
 .text.mem_cmp  0x0000000008007834       0x1a build/ff.o
 .text.chk_chr  0x000000000800784e       0x10 build/ff.o
 *fill*         0x000000000800785e        0x2 
 .text.chk_lock
                0x0000000008007860       0x7c build/ff.o
 .text.enq_lock
                0x00000000080078dc       0x20 build/ff.o
 .text.inc_lock
                0x00000000080078fc       0xa0 build/ff.o
 .text.clear_lock
                0x000000000800799c       0x3c build/ff.o
 .text.clust2sect
                0x00000000080079d8       0x18 build/ff.o
 .text.clmt_clust
                0x00000000080079f0       0x30 build/ff.o
 .text.ld_clust
                0x0000000008007a20       0x26 build/ff.o
 .text.st_clust
                0x0000000008007a46       0x26 build/ff.o
 .text.pick_lfn
                0x0000000008007a6c       0x84 build/ff.o
 .text.put_lfn  0x0000000008007af0       0x78 build/ff.o
 .text.gen_numname
                0x0000000008007b68       0xaa build/ff.o
 .text.sum_sfn  0x0000000008007c12       0x20 build/ff.o
 .text.xdir_sum
                0x0000000008007c32       0x32 build/ff.o
 .text.get_ldnumber
                0x0000000008007c64       0x48 build/ff.o
 .text.validate
                0x0000000008007cac       0x46 build/ff.o
 .text.sync_window
                0x0000000008007cf2       0x54 build/ff.o
 .text.move_window
                0x0000000008007d46       0x36 build/ff.o
 .text.check_fs
                0x0000000008007d7c       0x8c build/ff.o
 .text.find_volume
                0x0000000008007e08      0x478 build/ff.o
 .text.find_bitmap
                0x0000000008008280       0x88 build/ff.o
 .text.change_bitmap
                0x0000000008008308       0x76 build/ff.o
 .text.put_fat  0x000000000800837e      0x126 build/ff.o
 .text.fill_last_frag
                0x00000000080084a4       0x30 build/ff.o
 .text.fill_first_frag
                0x00000000080084d4       0x32 build/ff.o
 .text.get_fat  0x0000000008008506      0x164 build/ff.o
 .text.dir_sdi  0x000000000800866a       0xc0 build/ff.o
 .text.create_chain
                0x000000000800872a      0x18a build/ff.o
 .text.remove_chain
                0x00000000080088b4       0xfe build/ff.o
 .text.dir_next
                0x00000000080089b2      0x120 build/ff.o
 *fill*         0x0000000008008ad2        0x2 
 .text.load_xdir
                0x0000000008008ad4       0xf0 build/ff.o
 .text.load_obj_dir
                0x0000000008008bc4       0x32 build/ff.o
 .text.dir_read
                0x0000000008008bf6       0xe6 build/ff.o
 .text.dir_alloc
                0x0000000008008cdc       0x68 build/ff.o
 .text.store_xdir
                0x0000000008008d44       0x5e build/ff.o
 *fill*         0x0000000008008da2        0x2 
 .text.create_name
                0x0000000008008da4      0x234 build/ff.o
 .text.xname_sum
                0x0000000008008fd8       0x38 build/ff.o
 .text.create_xdir
                0x0000000008009010       0x7e build/ff.o
 *fill*         0x000000000800908e        0x2 
 .text.cmp_lfn  0x0000000008009090       0xa0 build/ff.o
 .text.dir_find
                0x0000000008009130      0x172 build/ff.o
 .text.follow_path
                0x00000000080092a2       0xce build/ff.o
 .text.dir_register
                0x0000000008009370      0x1fc build/ff.o
 .text.sync_fs  0x000000000800956c       0x8c build/ff.o
 .text.f_mount  0x00000000080095f8       0x60 build/ff.o
                0x00000000080095f8                f_mount
 .text.f_open   0x0000000008009658      0x354 build/ff.o
                0x0000000008009658                f_open
 .text.f_read   0x00000000080099ac      0x1e6 build/ff.o
                0x00000000080099ac                f_read
 .text.f_write  0x0000000008009b92      0x246 build/ff.o
                0x0000000008009b92                f_write
 .text.f_sync   0x0000000008009dd8      0x14a build/ff.o
                0x0000000008009dd8                f_sync
 .text.f_lseek  0x0000000008009f22      0x3ba build/ff.o
                0x0000000008009f22                f_lseek
 .text.FATFS_LinkDriverEx
                0x000000000800a2dc       0x54 build/ff_gen_drv.o
                0x000000000800a2dc                FATFS_LinkDriverEx
 .text.FATFS_LinkDriver
                0x000000000800a330        0xa build/ff_gen_drv.o
                0x000000000800a330                FATFS_LinkDriver
 *fill*         0x000000000800a33a        0x2 
 .text.ff_convert
                0x000000000800a33c       0x3c build/ccsbcs.o
                0x000000000800a33c                ff_convert
 .text.ff_wtoupper
                0x000000000800a378       0xa0 build/ccsbcs.o
                0x000000000800a378                ff_wtoupper
 .text.mutff_write
                0x000000000800a418        0xa build/mutff_core.o
                0x000000000800a418                mutff_write
 .text.mutff_hton_16
                0x000000000800a422        0x8 build/mutff_default.o
 .text.mutff_hton_24
                0x000000000800a42a        0xc build/mutff_default.o
 .text.mutff_hton_32
                0x000000000800a436       0x10 build/mutff_default.o
 .text.mutff_hton_64
                0x000000000800a446       0x1e build/mutff_default.o
 .text.mutff_user_data_atom_size
                0x000000000800a464       0x70 build/mutff_default.o
 .text.mutff_movie_extends_atom_size
                0x000000000800a4d4       0x76 build/mutff_default.o
 .text.mutff_video_sample_description_size
                0x000000000800a54a        0xc build/mutff_default.o
                0x000000000800a54a                mutff_video_sample_description_size
 .text.mutff_edit_atom_size
                0x000000000800a556       0x56 build/mutff_default.o
 .text.mutff_track_reference_atom_size
                0x000000000800a5ac       0x72 build/mutff_default.o
 .text.mutff_track_input_map_atom_size
                0x000000000800a61e       0x76 build/mutff_default.o
 .text.mutff_data_reference_atom_size
                0x000000000800a694       0x4e build/mutff_default.o
 .text.mutff_data_information_atom_size
                0x000000000800a6e2       0x3a build/mutff_default.o
 .text.mutff_track_fragment_header_atom_size
                0x000000000800a71c       0x92 build/mutff_default.o
 .text.mutff_track_fragment_run_atom_size
                0x000000000800a7ae       0xb0 build/mutff_default.o
 .text.mutff_track_fragment_decode_time_atom_size
                0x000000000800a85e       0x52 build/mutff_default.o
 .text.mutff_track_fragment_atom_size
                0x000000000800a8b0       0xcc build/mutff_default.o
 .text.mutff_movie_fragment_atom_size
                0x000000000800a97c       0x9a build/mutff_default.o
 .text.mutff_write_u16
                0x000000000800aa16       0x24 build/mutff_default.o
 .text.mutff_write_i16
                0x000000000800aa3a       0x32 build/mutff_default.o
 .text.mutff_write_q16_16
                0x000000000800aa6c       0x40 build/mutff_default.o
 .text.mutff_write_u8
                0x000000000800aaac       0x1e build/mutff_default.o
 .text.mutff_write_i8
                0x000000000800aaca       0x32 build/mutff_default.o
 .text.mutff_write_q8_8
                0x000000000800aafc       0x42 build/mutff_default.o
 .text.mutff_write_u64
                0x000000000800ab3e       0x22 build/mutff_default.o
 .text.mutff_write_u32
                0x000000000800ab60       0x26 build/mutff_default.o
 .text.mutff_write_header
                0x000000000800ab86       0x98 build/mutff_default.o
 .text.mutff_write_q2_30
                0x000000000800ac1e       0x48 build/mutff_default.o
 .text.mutff_write_matrix
                0x000000000800ac66       0xfa build/mutff_default.o
 .text.mutff_write_video_sample_description
                0x000000000800ad60      0x176 build/mutff_default.o
                0x000000000800ad60                mutff_write_video_sample_description
 .text.mutff_write_i32
                0x000000000800aed6       0x14 build/mutff_default.o
 .text.mutff_write_u24
                0x000000000800aeea       0x24 build/mutff_default.o
 .text.mutff_extended_language_tag_atom_size
                0x000000000800af0e       0x36 build/mutff_default.o
 .text.mutff_handler_reference_atom_size
                0x000000000800af44       0x38 build/mutff_default.o
 .text.mutff_write_quickdraw_rect
                0x000000000800af7c       0x68 build/mutff_default.o
                0x000000000800af7c                mutff_write_quickdraw_rect
 .text.mutff_write_quickdraw_region
                0x000000000800afe4       0x6e build/mutff_default.o
                0x000000000800afe4                mutff_write_quickdraw_region
 *fill*         0x000000000800b052        0x2 
 .text.mutff_write_file_type_atom
                0x000000000800b054       0xb4 build/mutff_default.o
                0x000000000800b054                mutff_write_file_type_atom
 .text.mutff_write_movie_data_atom
                0x000000000800b108       0x44 build/mutff_default.o
                0x000000000800b108                mutff_write_movie_data_atom
 .text.mutff_write_free_atom
                0x000000000800b14c       0x80 build/mutff_default.o
                0x000000000800b14c                mutff_write_free_atom
 .text.mutff_write_skip_atom
                0x000000000800b1cc       0x80 build/mutff_default.o
                0x000000000800b1cc                mutff_write_skip_atom
 .text.mutff_write_wide_atom
                0x000000000800b24c       0x80 build/mutff_default.o
                0x000000000800b24c                mutff_write_wide_atom
 .text.mutff_write_preview_atom
                0x000000000800b2cc       0x88 build/mutff_default.o
                0x000000000800b2cc                mutff_write_preview_atom
 .text.mutff_write_movie_header_atom
                0x000000000800b354      0x1e0 build/mutff_default.o
                0x000000000800b354                mutff_write_movie_header_atom
 .text.mutff_write_clipping_region_atom
                0x000000000800b534       0x5c build/mutff_default.o
                0x000000000800b534                mutff_write_clipping_region_atom
 .text.mutff_write_clipping_atom
                0x000000000800b590       0x74 build/mutff_default.o
                0x000000000800b590                mutff_write_clipping_atom
 .text.mutff_write_color_table_atom
                0x000000000800b604      0x118 build/mutff_default.o
                0x000000000800b604                mutff_write_color_table_atom
 .text.mutff_write_user_data_list_entry
                0x000000000800b71c       0x72 build/mutff_default.o
                0x000000000800b71c                mutff_write_user_data_list_entry
 *fill*         0x000000000800b78e        0x2 
 .text.mutff_write_user_data_atom
                0x000000000800b790       0x74 build/mutff_default.o
                0x000000000800b790                mutff_write_user_data_atom
 .text.mutff_write_movie_extends_header_atom
                0x000000000800b804       0xc8 build/mutff_default.o
                0x000000000800b804                mutff_write_movie_extends_header_atom
 .text.mutff_write_track_extends_atom
                0x000000000800b8cc       0xcc build/mutff_default.o
                0x000000000800b8cc                mutff_write_track_extends_atom
 .text.mutff_write_movie_extends_atom
                0x000000000800b998       0x94 build/mutff_default.o
                0x000000000800b998                mutff_write_movie_extends_atom
 .text.mutff_write_track_header_atom
                0x000000000800ba2c      0x1e4 build/mutff_default.o
                0x000000000800ba2c                mutff_write_track_header_atom
 .text.mutff_write_track_clean_aperture_dimensions_atom
                0x000000000800bc10       0x88 build/mutff_default.o
                0x000000000800bc10                mutff_write_track_clean_aperture_dimensions_atom
 .text.mutff_write_track_production_aperture_dimensions_atom
                0x000000000800bc98       0x88 build/mutff_default.o
                0x000000000800bc98                mutff_write_track_production_aperture_dimensions_atom
 .text.mutff_write_track_encoded_pixels_dimensions_atom
                0x000000000800bd20       0x88 build/mutff_default.o
                0x000000000800bd20                mutff_write_track_encoded_pixels_dimensions_atom
 .text.mutff_write_track_aperture_mode_dimensions_atom
                0x000000000800bda8       0x78 build/mutff_default.o
                0x000000000800bda8                mutff_write_track_aperture_mode_dimensions_atom
 .text.mutff_write_edit_list_entry
                0x000000000800be20       0x52 build/mutff_default.o
                0x000000000800be20                mutff_write_edit_list_entry
 *fill*         0x000000000800be72        0x2 
 .text.mutff_write_edit_list_atom
                0x000000000800be74       0xd4 build/mutff_default.o
                0x000000000800be74                mutff_write_edit_list_atom
 .text.mutff_write_edit_atom
                0x000000000800bf48       0x54 build/mutff_default.o
                0x000000000800bf48                mutff_write_edit_atom
 .text.mutff_write_track_reference_type_atom
                0x000000000800bf9c       0x76 build/mutff_default.o
                0x000000000800bf9c                mutff_write_track_reference_type_atom
 *fill*         0x000000000800c012        0x2 
 .text.mutff_write_track_reference_atom
                0x000000000800c014       0x74 build/mutff_default.o
                0x000000000800c014                mutff_write_track_reference_atom
 .text.mutff_write_track_exclude_from_autoselection_atom
                0x000000000800c088       0x2c build/mutff_default.o
                0x000000000800c088                mutff_write_track_exclude_from_autoselection_atom
 .text.mutff_write_track_load_settings_atom
                0x000000000800c0b4       0x88 build/mutff_default.o
                0x000000000800c0b4                mutff_write_track_load_settings_atom
 .text.mutff_write_input_type_atom
                0x000000000800c13c       0x44 build/mutff_default.o
                0x000000000800c13c                mutff_write_input_type_atom
 .text.mutff_write_object_id_atom
                0x000000000800c180       0x48 build/mutff_default.o
                0x000000000800c180                mutff_write_object_id_atom
 .text.mutff_write_track_input_atom
                0x000000000800c1c8      0x102 build/mutff_default.o
                0x000000000800c1c8                mutff_write_track_input_atom
 *fill*         0x000000000800c2ca        0x2 
 .text.mutff_write_track_input_map_atom
                0x000000000800c2cc       0x74 build/mutff_default.o
                0x000000000800c2cc                mutff_write_track_input_map_atom
 .text.mutff_write_media_header_atom
                0x000000000800c340       0xe0 build/mutff_default.o
                0x000000000800c340                mutff_write_media_header_atom
 .text.mutff_write_extended_language_tag_atom
                0x000000000800c420       0xec build/mutff_default.o
                0x000000000800c420                mutff_write_extended_language_tag_atom
 .text.mutff_write_handler_reference_atom
                0x000000000800c50c      0x128 build/mutff_default.o
                0x000000000800c50c                mutff_write_handler_reference_atom
 .text.mutff_write_video_media_information_header_atom
                0x000000000800c634       0xb0 build/mutff_default.o
                0x000000000800c634                mutff_write_video_media_information_header_atom
 .text.mutff_write_data_reference
                0x000000000800c6e4       0x88 build/mutff_default.o
                0x000000000800c6e4                mutff_write_data_reference
 .text.mutff_write_data_reference_atom
                0x000000000800c76c       0xc0 build/mutff_default.o
                0x000000000800c76c                mutff_write_data_reference_atom
 .text.mutff_write_data_information_atom
                0x000000000800c82c       0x54 build/mutff_default.o
                0x000000000800c82c                mutff_write_data_information_atom
 .text.mutff_write_time_to_sample_table_entry
                0x000000000800c880       0x3c build/mutff_default.o
                0x000000000800c880                mutff_write_time_to_sample_table_entry
 .text.mutff_write_time_to_sample_atom
                0x000000000800c8bc      0x100 build/mutff_default.o
                0x000000000800c8bc                mutff_write_time_to_sample_atom
 .text.mutff_write_composition_offset_table_entry
                0x000000000800c9bc       0x3c build/mutff_default.o
                0x000000000800c9bc                mutff_write_composition_offset_table_entry
 .text.mutff_write_composition_offset_atom
                0x000000000800c9f8      0x100 build/mutff_default.o
                0x000000000800c9f8                mutff_write_composition_offset_atom
 .text.mutff_write_composition_shift_least_greatest_atom
                0x000000000800caf8       0xcc build/mutff_default.o
                0x000000000800caf8                mutff_write_composition_shift_least_greatest_atom
 .text.mutff_write_sync_sample_atom
                0x000000000800cbc4      0x100 build/mutff_default.o
                0x000000000800cbc4                mutff_write_sync_sample_atom
 .text.mutff_write_partial_sync_sample_atom
                0x000000000800ccc4      0x100 build/mutff_default.o
                0x000000000800ccc4                mutff_write_partial_sync_sample_atom
 .text.mutff_write_sample_to_chunk_table_entry
                0x000000000800cdc4       0x52 build/mutff_default.o
                0x000000000800cdc4                mutff_write_sample_to_chunk_table_entry
 *fill*         0x000000000800ce16        0x2 
 .text.mutff_write_sample_to_chunk_atom
                0x000000000800ce18      0x10c build/mutff_default.o
                0x000000000800ce18                mutff_write_sample_to_chunk_atom
 .text.mutff_write_sample_size_atom
                0x000000000800cf24       0xfc build/mutff_default.o
                0x000000000800cf24                mutff_write_sample_size_atom
 .text.mutff_write_chunk_offset_atom
                0x000000000800d020      0x100 build/mutff_default.o
                0x000000000800d020                mutff_write_chunk_offset_atom
 .text.mutff_write_sample_dependency_flags_atom
                0x000000000800d120       0xc8 build/mutff_default.o
                0x000000000800d120                mutff_write_sample_dependency_flags_atom
 .text.mutff_write_sound_media_information_header_atom
                0x000000000800d1e8       0xa0 build/mutff_default.o
                0x000000000800d1e8                mutff_write_sound_media_information_header_atom
 .text.mutff_write_base_media_info_atom
                0x000000000800d288       0xf4 build/mutff_default.o
                0x000000000800d288                mutff_write_base_media_info_atom
 .text.mutff_write_text_media_information_atom
                0x000000000800d37c       0x68 build/mutff_default.o
                0x000000000800d37c                mutff_write_text_media_information_atom
 .text.mutff_write_base_media_information_header_atom
                0x000000000800d3e4       0x60 build/mutff_default.o
                0x000000000800d3e4                mutff_write_base_media_information_header_atom
 .text.mutff_write_base_media_information_atom
                0x000000000800d444       0x48 build/mutff_default.o
                0x000000000800d444                mutff_write_base_media_information_atom
 .text.mutff_media_type
                0x000000000800d48c      0x1d8 build/mutff_default.o
                0x000000000800d48c                mutff_media_type
 .text.mutff_sample_description_size
                0x000000000800d664       0x30 build/mutff_default.o
 .text.mutff_compressed_matte_atom_size
                0x000000000800d694       0x40 build/mutff_default.o
 .text.mutff_track_matte_atom_size
                0x000000000800d6d4       0x3a build/mutff_default.o
 .text.mutff_sample_description_atom_size
                0x000000000800d70e       0x6e build/mutff_default.o
 .text.mutff_sample_table_atom_size
                0x000000000800d77c      0x236 build/mutff_default.o
 .text.mutff_video_media_information_atom_size
                0x000000000800d9b2       0x92 build/mutff_default.o
 .text.mutff_sound_media_information_atom_size
                0x000000000800da44       0x92 build/mutff_default.o
 *fill*         0x000000000800dad6        0x2 
 .text.mutff_write_sample_description
                0x000000000800dad8       0xb8 build/mutff_default.o
                0x000000000800dad8                mutff_write_sample_description
 .text.mutff_write_compressed_matte_atom
                0x000000000800db90       0xc0 build/mutff_default.o
                0x000000000800db90                mutff_write_compressed_matte_atom
 .text.mutff_write_track_matte_atom
                0x000000000800dc50       0x54 build/mutff_default.o
                0x000000000800dc50                mutff_write_track_matte_atom
 .text.mutff_write_sample_description_atom
                0x000000000800dca4       0xd0 build/mutff_default.o
                0x000000000800dca4                mutff_write_sample_description_atom
 .text.mutff_write_sample_table_atom
                0x000000000800dd74      0x198 build/mutff_default.o
                0x000000000800dd74                mutff_write_sample_table_atom
 .text.mutff_write_video_media_information_atom
                0x000000000800df0c       0xbc build/mutff_default.o
                0x000000000800df0c                mutff_write_video_media_information_atom
 .text.mutff_write_sound_media_information_atom
                0x000000000800dfc8       0xbc build/mutff_default.o
                0x000000000800dfc8                mutff_write_sound_media_information_atom
 .text.mutff_media_atom_type
                0x000000000800e084       0x1a build/mutff_default.o
                0x000000000800e084                mutff_media_atom_type
 .text.mutff_media_atom_size
                0x000000000800e09e      0x10e build/mutff_default.o
 .text.mutff_track_atom_size
                0x000000000800e1ac      0x1a8 build/mutff_default.o
 .text.mutff_movie_atom_size
                0x000000000800e354      0x148 build/mutff_default.o
 .text.mutff_write_media_atom
                0x000000000800e49c      0x138 build/mutff_default.o
                0x000000000800e49c                mutff_write_media_atom
 .text.mutff_write_track_atom
                0x000000000800e5d4      0x1dc build/mutff_default.o
                0x000000000800e5d4                mutff_write_track_atom
 .text.mutff_write_movie_atom
                0x000000000800e7b0      0x130 build/mutff_default.o
                0x000000000800e7b0                mutff_write_movie_atom
 .text.mutff_write_movie_fragment_header_atom
                0x000000000800e8e0       0x74 build/mutff_default.o
                0x000000000800e8e0                mutff_write_movie_fragment_header_atom
 .text.mutff_write_track_fragment_header_atom
                0x000000000800e954      0x16c build/mutff_default.o
                0x000000000800e954                mutff_write_track_fragment_header_atom
 .text.mutff_write_track_fragment_run_atom
                0x000000000800eac0      0x1d4 build/mutff_default.o
                0x000000000800eac0                mutff_write_track_fragment_run_atom
 .text.mutff_write_track_fragment_decode_time_atom
                0x000000000800ec94       0xc4 build/mutff_default.o
                0x000000000800ec94                mutff_write_track_fragment_decode_time_atom
 .text.mutff_write_track_fragment_atom
                0x000000000800ed58       0xd4 build/mutff_default.o
                0x000000000800ed58                mutff_write_track_fragment_atom
 .text.mutff_write_movie_fragment_atom
                0x000000000800ee2c       0xb8 build/mutff_default.o
                0x000000000800ee2c                mutff_write_movie_fragment_atom
 .text.mutff_write_movie_file
                0x000000000800eee4      0x17c build/mutff_default.o
                0x000000000800eee4                mutff_write_movie_file
 .text.Reset_Handler
                0x000000000800f060       0x50 build/startup_stm32f746xx.o
                0x000000000800f060                Reset_Handler
 .text.Default_Handler
                0x000000000800f0b0        0x2 build/startup_stm32f746xx.o
                0x000000000800f0b0                DMA1_Stream3_IRQHandler
                0x000000000800f0b0                EXTI2_IRQHandler
                0x000000000800f0b0                TIM8_CC_IRQHandler
                0x000000000800f0b0                UART8_IRQHandler
                0x000000000800f0b0                SPI4_IRQHandler
                0x000000000800f0b0                TIM1_CC_IRQHandler
                0x000000000800f0b0                DMA2_Stream5_IRQHandler
                0x000000000800f0b0                DMA1_Stream5_IRQHandler
                0x000000000800f0b0                PVD_IRQHandler
                0x000000000800f0b0                TAMP_STAMP_IRQHandler
                0x000000000800f0b0                CAN2_RX1_IRQHandler
                0x000000000800f0b0                EXTI3_IRQHandler
                0x000000000800f0b0                TIM8_TRG_COM_TIM14_IRQHandler
                0x000000000800f0b0                TIM1_UP_TIM10_IRQHandler
                0x000000000800f0b0                TIM8_UP_TIM13_IRQHandler
                0x000000000800f0b0                I2C3_ER_IRQHandler
                0x000000000800f0b0                EXTI0_IRQHandler
                0x000000000800f0b0                I2C2_EV_IRQHandler
                0x000000000800f0b0                DMA1_Stream2_IRQHandler
                0x000000000800f0b0                CAN1_RX0_IRQHandler
                0x000000000800f0b0                FPU_IRQHandler
                0x000000000800f0b0                OTG_HS_WKUP_IRQHandler
                0x000000000800f0b0                LTDC_ER_IRQHandler
                0x000000000800f0b0                CAN2_SCE_IRQHandler
                0x000000000800f0b0                DMA2_Stream2_IRQHandler
                0x000000000800f0b0                SPI1_IRQHandler
                0x000000000800f0b0                TIM6_DAC_IRQHandler
                0x000000000800f0b0                TIM1_BRK_TIM9_IRQHandler
                0x000000000800f0b0                CAN2_RX0_IRQHandler
                0x000000000800f0b0                SAI2_IRQHandler
                0x000000000800f0b0                USART6_IRQHandler
                0x000000000800f0b0                USART3_IRQHandler
                0x000000000800f0b0                CAN1_RX1_IRQHandler
                0x000000000800f0b0                UART5_IRQHandler
                0x000000000800f0b0                DMA2_Stream0_IRQHandler
                0x000000000800f0b0                TIM4_IRQHandler
                0x000000000800f0b0                QUADSPI_IRQHandler
                0x000000000800f0b0                I2C1_EV_IRQHandler
                0x000000000800f0b0                DMA1_Stream6_IRQHandler
                0x000000000800f0b0                DMA1_Stream1_IRQHandler
                0x000000000800f0b0                UART4_IRQHandler
                0x000000000800f0b0                RCC_IRQHandler
                0x000000000800f0b0                TIM8_BRK_TIM12_IRQHandler
                0x000000000800f0b0                Default_Handler
                0x000000000800f0b0                CEC_IRQHandler
                0x000000000800f0b0                EXTI15_10_IRQHandler
                0x000000000800f0b0                ADC_IRQHandler
                0x000000000800f0b0                DMA1_Stream7_IRQHandler
                0x000000000800f0b0                SPI5_IRQHandler
                0x000000000800f0b0                TIM7_IRQHandler
                0x000000000800f0b0                CAN2_TX_IRQHandler
                0x000000000800f0b0                TIM5_IRQHandler
                0x000000000800f0b0                DMA2_Stream7_IRQHandler
                0x000000000800f0b0                I2C3_EV_IRQHandler
                0x000000000800f0b0                EXTI9_5_IRQHandler
                0x000000000800f0b0                RTC_WKUP_IRQHandler
                0x000000000800f0b0                LTDC_IRQHandler
                0x000000000800f0b0                ETH_WKUP_IRQHandler
                0x000000000800f0b0                SPDIF_RX_IRQHandler
                0x000000000800f0b0                SPI2_IRQHandler
                0x000000000800f0b0                OTG_HS_EP1_IN_IRQHandler
                0x000000000800f0b0                DMA1_Stream0_IRQHandler
                0x000000000800f0b0                CAN1_TX_IRQHandler
                0x000000000800f0b0                EXTI4_IRQHandler
                0x000000000800f0b0                RNG_IRQHandler
                0x000000000800f0b0                ETH_IRQHandler
                0x000000000800f0b0                OTG_HS_EP1_OUT_IRQHandler
                0x000000000800f0b0                WWDG_IRQHandler
                0x000000000800f0b0                SPI6_IRQHandler
                0x000000000800f0b0                I2C4_EV_IRQHandler
                0x000000000800f0b0                TIM2_IRQHandler
                0x000000000800f0b0                OTG_FS_WKUP_IRQHandler
                0x000000000800f0b0                TIM1_TRG_COM_TIM11_IRQHandler
                0x000000000800f0b0                OTG_HS_IRQHandler
                0x000000000800f0b0                DMA2D_IRQHandler
                0x000000000800f0b0                EXTI1_IRQHandler
                0x000000000800f0b0                UART7_IRQHandler
                0x000000000800f0b0                USART2_IRQHandler
                0x000000000800f0b0                I2C2_ER_IRQHandler
                0x000000000800f0b0                CAN1_SCE_IRQHandler
                0x000000000800f0b0                FLASH_IRQHandler
                0x000000000800f0b0                DMA2_Stream4_IRQHandler
                0x000000000800f0b0                USART1_IRQHandler
                0x000000000800f0b0                OTG_FS_IRQHandler
                0x000000000800f0b0                SPI3_IRQHandler
                0x000000000800f0b0                DMA1_Stream4_IRQHandler
                0x000000000800f0b0                I2C1_ER_IRQHandler
                0x000000000800f0b0                FMC_IRQHandler
                0x000000000800f0b0                LPTIM1_IRQHandler
                0x000000000800f0b0                I2C4_ER_IRQHandler
                0x000000000800f0b0                DMA2_Stream6_IRQHandler
                0x000000000800f0b0                SAI1_IRQHandler
                0x000000000800f0b0                RTC_Alarm_IRQHandler
 *fill*         0x000000000800f0b2        0x2 
 .text.exit     0x000000000800f0b4       0x24 /Users/sol/Library/Application Support/Code/User/globalStorage/bmd.stm32-for-vscode/@xpack-dev-tools/arm-none-eabi-gcc/12.2.1-1.2.1/.content/bin/../lib/gcc/arm-none-eabi/12.2.1/../../../../arm-none-eabi/lib/thumb/v7e-m+fp/hard/libc_nano.a(libc_a-exit.o)
                0x000000000800f0b4                exit
 .text.malloc   0x000000000800f0d8       0x10 /Users/sol/Library/Application Support/Code/User/globalStorage/bmd.stm32-for-vscode/@xpack-dev-tools/arm-none-eabi-gcc/12.2.1-1.2.1/.content/bin/../lib/gcc/arm-none-eabi/12.2.1/../../../../arm-none-eabi/lib/thumb/v7e-m+fp/hard/libc_nano.a(libc_a-malloc.o)
                0x000000000800f0d8                malloc
 .text.free     0x000000000800f0e8       0x10 /Users/sol/Library/Application Support/Code/User/globalStorage/bmd.stm32-for-vscode/@xpack-dev-tools/arm-none-eabi-gcc/12.2.1-1.2.1/.content/bin/../lib/gcc/arm-none-eabi/12.2.1/../../../../arm-none-eabi/lib/thumb/v7e-m+fp/hard/libc_nano.a(libc_a-malloc.o)
                0x000000000800f0e8                free
 .text.sbrk_aligned
                0x000000000800f0f8       0x44 /Users/sol/Library/Application Support/Code/User/globalStorage/bmd.stm32-for-vscode/@xpack-dev-tools/arm-none-eabi-gcc/12.2.1-1.2.1/.content/bin/../lib/gcc/arm-none-eabi/12.2.1/../../../../arm-none-eabi/lib/thumb/v7e-m+fp/hard/libc_nano.a(libc_a-mallocr.o)
 .text._malloc_r
                0x000000000800f13c       0xf0 /Users/sol/Library/Application Support/Code/User/globalStorage/bmd.stm32-for-vscode/@xpack-dev-tools/arm-none-eabi-gcc/12.2.1-1.2.1/.content/bin/../lib/gcc/arm-none-eabi/12.2.1/../../../../arm-none-eabi/lib/thumb/v7e-m+fp/hard/libc_nano.a(libc_a-mallocr.o)
                0x000000000800f13c                _malloc_r
 .text.__malloc_lock
                0x000000000800f22c        0xc /Users/sol/Library/Application Support/Code/User/globalStorage/bmd.stm32-for-vscode/@xpack-dev-tools/arm-none-eabi-gcc/12.2.1-1.2.1/.content/bin/../lib/gcc/arm-none-eabi/12.2.1/../../../../arm-none-eabi/lib/thumb/v7e-m+fp/hard/libc_nano.a(libc_a-mlock.o)
                0x000000000800f22c                __malloc_lock
 .text.__malloc_unlock
                0x000000000800f238        0xc /Users/sol/Library/Application Support/Code/User/globalStorage/bmd.stm32-for-vscode/@xpack-dev-tools/arm-none-eabi-gcc/12.2.1-1.2.1/.content/bin/../lib/gcc/arm-none-eabi/12.2.1/../../../../arm-none-eabi/lib/thumb/v7e-m+fp/hard/libc_nano.a(libc_a-mlock.o)
                0x000000000800f238                __malloc_unlock
 .text.std      0x000000000800f244       0x6c /Users/sol/Library/Application Support/Code/User/globalStorage/bmd.stm32-for-vscode/@xpack-dev-tools/arm-none-eabi-gcc/12.2.1-1.2.1/.content/bin/../lib/gcc/arm-none-eabi/12.2.1/../../../../arm-none-eabi/lib/thumb/v7e-m+fp/hard/libc_nano.a(libc_a-findfp.o)
 .text.stdio_exit_handler
                0x000000000800f2b0       0x18 /Users/sol/Library/Application Support/Code/User/globalStorage/bmd.stm32-for-vscode/@xpack-dev-tools/arm-none-eabi-gcc/12.2.1-1.2.1/.content/bin/../lib/gcc/arm-none-eabi/12.2.1/../../../../arm-none-eabi/lib/thumb/v7e-m+fp/hard/libc_nano.a(libc_a-findfp.o)
 .text.cleanup_stdio
                0x000000000800f2c8       0x40 /Users/sol/Library/Application Support/Code/User/globalStorage/bmd.stm32-for-vscode/@xpack-dev-tools/arm-none-eabi-gcc/12.2.1-1.2.1/.content/bin/../lib/gcc/arm-none-eabi/12.2.1/../../../../arm-none-eabi/lib/thumb/v7e-m+fp/hard/libc_nano.a(libc_a-findfp.o)
 .text.global_stdio_init.part.0
                0x000000000800f308       0x3c /Users/sol/Library/Application Support/Code/User/globalStorage/bmd.stm32-for-vscode/@xpack-dev-tools/arm-none-eabi-gcc/12.2.1-1.2.1/.content/bin/../lib/gcc/arm-none-eabi/12.2.1/../../../../arm-none-eabi/lib/thumb/v7e-m+fp/hard/libc_nano.a(libc_a-findfp.o)
 .text.__sfp_lock_acquire
                0x000000000800f344        0xc /Users/sol/Library/Application Support/Code/User/globalStorage/bmd.stm32-for-vscode/@xpack-dev-tools/arm-none-eabi-gcc/12.2.1-1.2.1/.content/bin/../lib/gcc/arm-none-eabi/12.2.1/../../../../arm-none-eabi/lib/thumb/v7e-m+fp/hard/libc_nano.a(libc_a-findfp.o)
                0x000000000800f344                __sfp_lock_acquire
 .text.__sfp_lock_release
                0x000000000800f350        0xc /Users/sol/Library/Application Support/Code/User/globalStorage/bmd.stm32-for-vscode/@xpack-dev-tools/arm-none-eabi-gcc/12.2.1-1.2.1/.content/bin/../lib/gcc/arm-none-eabi/12.2.1/../../../../arm-none-eabi/lib/thumb/v7e-m+fp/hard/libc_nano.a(libc_a-findfp.o)
                0x000000000800f350                __sfp_lock_release
 .text.__sinit  0x000000000800f35c       0x30 /Users/sol/Library/Application Support/Code/User/globalStorage/bmd.stm32-for-vscode/@xpack-dev-tools/arm-none-eabi-gcc/12.2.1-1.2.1/.content/bin/../lib/gcc/arm-none-eabi/12.2.1/../../../../arm-none-eabi/lib/thumb/v7e-m+fp/hard/libc_nano.a(libc_a-findfp.o)
                0x000000000800f35c                __sinit
 .text._fwalk_sglue
                0x000000000800f38c       0x3c /Users/sol/Library/Application Support/Code/User/globalStorage/bmd.stm32-for-vscode/@xpack-dev-tools/arm-none-eabi-gcc/12.2.1-1.2.1/.content/bin/../lib/gcc/arm-none-eabi/12.2.1/../../../../arm-none-eabi/lib/thumb/v7e-m+fp/hard/libc_nano.a(libc_a-fwalk.o)
                0x000000000800f38c                _fwalk_sglue
 .text.printf   0x000000000800f3c8       0x24 /Users/sol/Library/Application Support/Code/User/globalStorage/bmd.stm32-for-vscode/@xpack-dev-tools/arm-none-eabi-gcc/12.2.1-1.2.1/.content/bin/../lib/gcc/arm-none-eabi/12.2.1/../../../../arm-none-eabi/lib/thumb/v7e-m+fp/hard/libc_nano.a(libc_a-printf.o)
                0x000000000800f3c8                printf
                0x000000000800f3c8                iprintf
 .text._puts_r  0x000000000800f3ec       0xaa /Users/sol/Library/Application Support/Code/User/globalStorage/bmd.stm32-for-vscode/@xpack-dev-tools/arm-none-eabi-gcc/12.2.1-1.2.1/.content/bin/../lib/gcc/arm-none-eabi/12.2.1/../../../../arm-none-eabi/lib/thumb/v7e-m+fp/hard/libc_nano.a(libc_a-puts.o)
                0x000000000800f3ec                _puts_r
 *fill*         0x000000000800f496        0x2 
 .text.puts     0x000000000800f498       0x10 /Users/sol/Library/Application Support/Code/User/globalStorage/bmd.stm32-for-vscode/@xpack-dev-tools/arm-none-eabi-gcc/12.2.1-1.2.1/.content/bin/../lib/gcc/arm-none-eabi/12.2.1/../../../../arm-none-eabi/lib/thumb/v7e-m+fp/hard/libc_nano.a(libc_a-puts.o)
                0x000000000800f498                puts
 .text.memset   0x000000000800f4a8       0x10 /Users/sol/Library/Application Support/Code/User/globalStorage/bmd.stm32-for-vscode/@xpack-dev-tools/arm-none-eabi-gcc/12.2.1-1.2.1/.content/bin/../lib/gcc/arm-none-eabi/12.2.1/../../../../arm-none-eabi/lib/thumb/v7e-m+fp/hard/libc_nano.a(libc_a-memset.o)
                0x000000000800f4a8                memset
 .text._sbrk_r  0x000000000800f4b8       0x20 /Users/sol/Library/Application Support/Code/User/globalStorage/bmd.stm32-for-vscode/@xpack-dev-tools/arm-none-eabi-gcc/12.2.1-1.2.1/.content/bin/../lib/gcc/arm-none-eabi/12.2.1/../../../../arm-none-eabi/lib/thumb/v7e-m+fp/hard/libc_nano.a(libc_a-sbrkr.o)
                0x000000000800f4b8                _sbrk_r
 .text.__libc_init_array
                0x000000000800f4d8       0x48 /Users/sol/Library/Application Support/Code/User/globalStorage/bmd.stm32-for-vscode/@xpack-dev-tools/arm-none-eabi-gcc/12.2.1-1.2.1/.content/bin/../lib/gcc/arm-none-eabi/12.2.1/../../../../arm-none-eabi/lib/thumb/v7e-m+fp/hard/libc_nano.a(libc_a-init.o)
                0x000000000800f4d8                __libc_init_array
 .text.__retarget_lock_init_recursive
                0x000000000800f520        0x2 /Users/sol/Library/Application Support/Code/User/globalStorage/bmd.stm32-for-vscode/@xpack-dev-tools/arm-none-eabi-gcc/12.2.1-1.2.1/.content/bin/../lib/gcc/arm-none-eabi/12.2.1/../../../../arm-none-eabi/lib/thumb/v7e-m+fp/hard/libc_nano.a(libc_a-lock.o)
                0x000000000800f520                __retarget_lock_init_recursive
 .text.__retarget_lock_acquire_recursive
                0x000000000800f522        0x2 /Users/sol/Library/Application Support/Code/User/globalStorage/bmd.stm32-for-vscode/@xpack-dev-tools/arm-none-eabi-gcc/12.2.1-1.2.1/.content/bin/../lib/gcc/arm-none-eabi/12.2.1/../../../../arm-none-eabi/lib/thumb/v7e-m+fp/hard/libc_nano.a(libc_a-lock.o)
                0x000000000800f522                __retarget_lock_acquire_recursive
 .text.__retarget_lock_release_recursive
                0x000000000800f524        0x2 /Users/sol/Library/Application Support/Code/User/globalStorage/bmd.stm32-for-vscode/@xpack-dev-tools/arm-none-eabi-gcc/12.2.1-1.2.1/.content/bin/../lib/gcc/arm-none-eabi/12.2.1/../../../../arm-none-eabi/lib/thumb/v7e-m+fp/hard/libc_nano.a(libc_a-lock.o)
                0x000000000800f524                __retarget_lock_release_recursive
 *fill*         0x000000000800f526        0x2 
 .text.__call_exitprocs
                0x000000000800f528       0xc8 /Users/sol/Library/Application Support/Code/User/globalStorage/bmd.stm32-for-vscode/@xpack-dev-tools/arm-none-eabi-gcc/12.2.1-1.2.1/.content/bin/../lib/gcc/arm-none-eabi/12.2.1/../../../../arm-none-eabi/lib/thumb/v7e-m+fp/hard/libc_nano.a(libc_a-__call_atexit.o)
                0x000000000800f528                __call_exitprocs
 .text._free_r  0x000000000800f5f0       0x94 /Users/sol/Library/Application Support/Code/User/globalStorage/bmd.stm32-for-vscode/@xpack-dev-tools/arm-none-eabi-gcc/12.2.1-1.2.1/.content/bin/../lib/gcc/arm-none-eabi/12.2.1/../../../../arm-none-eabi/lib/thumb/v7e-m+fp/hard/libc_nano.a(libc_a-freer.o)
                0x000000000800f5f0                _free_r
 .text.__sfputc_r
                0x000000000800f684       0x2e /Users/sol/Library/Application Support/Code/User/globalStorage/bmd.stm32-for-vscode/@xpack-dev-tools/arm-none-eabi-gcc/12.2.1-1.2.1/.content/bin/../lib/gcc/arm-none-eabi/12.2.1/../../../../arm-none-eabi/lib/thumb/v7e-m+fp/hard/libc_nano.a(libc_a-nano-vfprintf.o)
 .text.__sfputs_r
                0x000000000800f6b2       0x24 /Users/sol/Library/Application Support/Code/User/globalStorage/bmd.stm32-for-vscode/@xpack-dev-tools/arm-none-eabi-gcc/12.2.1-1.2.1/.content/bin/../lib/gcc/arm-none-eabi/12.2.1/../../../../arm-none-eabi/lib/thumb/v7e-m+fp/hard/libc_nano.a(libc_a-nano-vfprintf.o)
                0x000000000800f6b2                __sfputs_r
 *fill*         0x000000000800f6d6        0x2 
 .text._vfprintf_r
                0x000000000800f6d8      0x230 /Users/sol/Library/Application Support/Code/User/globalStorage/bmd.stm32-for-vscode/@xpack-dev-tools/arm-none-eabi-gcc/12.2.1-1.2.1/.content/bin/../lib/gcc/arm-none-eabi/12.2.1/../../../../arm-none-eabi/lib/thumb/v7e-m+fp/hard/libc_nano.a(libc_a-nano-vfprintf.o)
                0x000000000800f6d8                _vfiprintf_r
                0x000000000800f6d8                _vfprintf_r
 .text._printf_common
                0x000000000800f908       0xda /Users/sol/Library/Application Support/Code/User/globalStorage/bmd.stm32-for-vscode/@xpack-dev-tools/arm-none-eabi-gcc/12.2.1-1.2.1/.content/bin/../lib/gcc/arm-none-eabi/12.2.1/../../../../arm-none-eabi/lib/thumb/v7e-m+fp/hard/libc_nano.a(libc_a-nano-vfprintf_i.o)
                0x000000000800f908                _printf_common
 *fill*         0x000000000800f9e2        0x2 
 .text._printf_i
                0x000000000800f9e4      0x258 /Users/sol/Library/Application Support/Code/User/globalStorage/bmd.stm32-for-vscode/@xpack-dev-tools/arm-none-eabi-gcc/12.2.1-1.2.1/.content/bin/../lib/gcc/arm-none-eabi/12.2.1/../../../../arm-none-eabi/lib/thumb/v7e-m+fp/hard/libc_nano.a(libc_a-nano-vfprintf_i.o)
                0x000000000800f9e4                _printf_i
 .text.__sflush_r
                0x000000000800fc3c      0x108 /Users/sol/Library/Application Support/Code/User/globalStorage/bmd.stm32-for-vscode/@xpack-dev-tools/arm-none-eabi-gcc/12.2.1-1.2.1/.content/bin/../lib/gcc/arm-none-eabi/12.2.1/../../../../arm-none-eabi/lib/thumb/v7e-m+fp/hard/libc_nano.a(libc_a-fflush.o)
                0x000000000800fc3c                __sflush_r
 .text._fflush_r
                0x000000000800fd44       0x50 /Users/sol/Library/Application Support/Code/User/globalStorage/bmd.stm32-for-vscode/@xpack-dev-tools/arm-none-eabi-gcc/12.2.1-1.2.1/.content/bin/../lib/gcc/arm-none-eabi/12.2.1/../../../../arm-none-eabi/lib/thumb/v7e-m+fp/hard/libc_nano.a(libc_a-fflush.o)
                0x000000000800fd44                _fflush_r
 .text.__sread  0x000000000800fd94       0x22 /Users/sol/Library/Application Support/Code/User/globalStorage/bmd.stm32-for-vscode/@xpack-dev-tools/arm-none-eabi-gcc/12.2.1-1.2.1/.content/bin/../lib/gcc/arm-none-eabi/12.2.1/../../../../arm-none-eabi/lib/thumb/v7e-m+fp/hard/libc_nano.a(libc_a-stdio.o)
                0x000000000800fd94                __sread
 .text.__swrite
                0x000000000800fdb6       0x38 /Users/sol/Library/Application Support/Code/User/globalStorage/bmd.stm32-for-vscode/@xpack-dev-tools/arm-none-eabi-gcc/12.2.1-1.2.1/.content/bin/../lib/gcc/arm-none-eabi/12.2.1/../../../../arm-none-eabi/lib/thumb/v7e-m+fp/hard/libc_nano.a(libc_a-stdio.o)
                0x000000000800fdb6                __swrite
 .text.__sseek  0x000000000800fdee       0x24 /Users/sol/Library/Application Support/Code/User/globalStorage/bmd.stm32-for-vscode/@xpack-dev-tools/arm-none-eabi-gcc/12.2.1-1.2.1/.content/bin/../lib/gcc/arm-none-eabi/12.2.1/../../../../arm-none-eabi/lib/thumb/v7e-m+fp/hard/libc_nano.a(libc_a-stdio.o)
                0x000000000800fdee                __sseek
 .text.__sclose
                0x000000000800fe12        0x8 /Users/sol/Library/Application Support/Code/User/globalStorage/bmd.stm32-for-vscode/@xpack-dev-tools/arm-none-eabi-gcc/12.2.1-1.2.1/.content/bin/../lib/gcc/arm-none-eabi/12.2.1/../../../../arm-none-eabi/lib/thumb/v7e-m+fp/hard/libc_nano.a(libc_a-stdio.o)
                0x000000000800fe12                __sclose
 .text.__swbuf_r
                0x000000000800fe1a       0x7c /Users/sol/Library/Application Support/Code/User/globalStorage/bmd.stm32-for-vscode/@xpack-dev-tools/arm-none-eabi-gcc/12.2.1-1.2.1/.content/bin/../lib/gcc/arm-none-eabi/12.2.1/../../../../arm-none-eabi/lib/thumb/v7e-m+fp/hard/libc_nano.a(libc_a-wbuf.o)
                0x000000000800fe1a                __swbuf_r
 *fill*         0x000000000800fe96        0x2 
 .text.__swsetup_r
                0x000000000800fe98       0xac /Users/sol/Library/Application Support/Code/User/globalStorage/bmd.stm32-for-vscode/@xpack-dev-tools/arm-none-eabi-gcc/12.2.1-1.2.1/.content/bin/../lib/gcc/arm-none-eabi/12.2.1/../../../../arm-none-eabi/lib/thumb/v7e-m+fp/hard/libc_nano.a(libc_a-wsetup.o)
                0x000000000800fe98                __swsetup_r
 .text.__swhatbuf_r
                0x000000000800ff44       0x4c /Users/sol/Library/Application Support/Code/User/globalStorage/bmd.stm32-for-vscode/@xpack-dev-tools/arm-none-eabi-gcc/12.2.1-1.2.1/.content/bin/../lib/gcc/arm-none-eabi/12.2.1/../../../../arm-none-eabi/lib/thumb/v7e-m+fp/hard/libc_nano.a(libc_a-makebuf.o)
                0x000000000800ff44                __swhatbuf_r
 .text.__smakebuf_r
                0x000000000800ff90       0x78 /Users/sol/Library/Application Support/Code/User/globalStorage/bmd.stm32-for-vscode/@xpack-dev-tools/arm-none-eabi-gcc/12.2.1-1.2.1/.content/bin/../lib/gcc/arm-none-eabi/12.2.1/../../../../arm-none-eabi/lib/thumb/v7e-m+fp/hard/libc_nano.a(libc_a-makebuf.o)
                0x000000000800ff90                __smakebuf_r
 .text._close_r
                0x0000000008010008       0x20 /Users/sol/Library/Application Support/Code/User/globalStorage/bmd.stm32-for-vscode/@xpack-dev-tools/arm-none-eabi-gcc/12.2.1-1.2.1/.content/bin/../lib/gcc/arm-none-eabi/12.2.1/../../../../arm-none-eabi/lib/thumb/v7e-m+fp/hard/libc_nano.a(libc_a-closer.o)
                0x0000000008010008                _close_r
 .text._fstat_r
                0x0000000008010028       0x24 /Users/sol/Library/Application Support/Code/User/globalStorage/bmd.stm32-for-vscode/@xpack-dev-tools/arm-none-eabi-gcc/12.2.1-1.2.1/.content/bin/../lib/gcc/arm-none-eabi/12.2.1/../../../../arm-none-eabi/lib/thumb/v7e-m+fp/hard/libc_nano.a(libc_a-fstatr.o)
                0x0000000008010028                _fstat_r
 .text._isatty_r